Jan 31 07:21:26 psimulator sshd[5623]: Failed password for invalid user admin from 14.181.8.32 port 54796 ssh2
Jan 31 07:21:26 psimulator sshd[5623]: Connection closed by invalid user admin 14.181.8.32 port 54796 [preauth]
Jan 31 07:21:31 psimulator sshd[5626]: Invalid user admin from 14.181.8.32 port 55511
Jan 31 07:21:31 psimulator sshd[5626]: pam_unix(sshd:auth): check pass; user unknown
Jan 31 07:21:31 psimulator sshd[5626]: pam_unix(sshd:auth): authentication failure; logname= uid=0 euid=0 tty=ssh ruser= rhost=14.181.8.32
Jan 31 07:21:32 psimulator sshd[5628]: pam_unix(sshd:auth): authentication failure; logname= uid=0 euid=0 tty=ssh ruser= rhost=47.50.246.114  user=root
Jan 31 07:21:33 psimulator sshd[5626]: Failed password for invalid user admin from 14.181.8.32 port 55511 ssh2
Jan 31 07:21:33 psimulator sshd[5626]: Connection closed by invalid user admin 14.181.8.32 port 55511 [preauth]
Jan 31 07:21:34 psimulator sshd[5628]: Failed password for root from 47.50.246.114 port 36208 ssh2
Jan 31 07:21:34 psimulator sshd[5628]: Received disconnect from 47.50.246.114 port 36208:11: Bye Bye [preauth]
Jan 31 07:21:34 psimulator sshd[5628]: Disconnected from authenticating user root 47.50.246.114 port 36208 [preauth]
Jan 31 07:21:38 psimulator sshd[5631]: Invalid user admin from 14.181.8.32 port 56403
Jan 31 07:21:38 psimulator sshd[5631]: pam_unix(sshd:auth): check pass; user unknown
Jan 31 07:21:38 psimulator sshd[5631]: pam_unix(sshd:auth): authentication failure; logname= uid=0 euid=0 tty=ssh ruser= rhost=14.181.8.32
Jan 31 07:21:40 psimulator sshd[5631]: Failed password for invalid user admin from 14.181.8.32 port 56403 ssh2
Jan 31 07:21:40 psimulator sshd[5631]: Connection closed by invalid user admin 14.181.8.32 port 56403 [preauth]
Jan 31 07:21:44 psimulator sshd[5634]: Invalid user admin from 14.181.8.32 port 57397
Jan 31 07:21:45 psimulator sshd[5634]: pam_unix(sshd:auth): check pass; user unknown
Jan 31 07:21:45 psimulator sshd[5634]: pam_unix(sshd:auth): authentication failure; logname= uid=0 euid=0 tty=ssh ruser= rhost=14.181.8.32
Jan 31 07:21:47 psimulator sshd[5634]: Failed password for invalid user admin from 14.181.8.32 port 57397 ssh2
Jan 31 07:21:47 psimulator sshd[5634]: Connection closed by invalid user admin 14.181.8.32 port 57397 [preauth]
Jan 31 07:21:51 psimulator sshd[5637]: pam_unix(sshd:auth): authentication failure; logname= uid=0 euid=0 tty=ssh ruser= rhost=47.50.246.114  user=root
Jan 31 07:21:51 psimulator sshd[5639]: Invalid user admin from 14.181.8.32 port 58097
Jan 31 07:21:51 psimulator sshd[5639]: pam_unix(sshd:auth): check pass; user unknown
Jan 31 07:21:51 psimulator sshd[5639]: pam_unix(sshd:auth): authentication failure; logname= uid=0 euid=0 tty=ssh ruser= rhost=14.181.8.32
Jan 31 07:21:53 psimulator sshd[5637]: Failed password for root from 47.50.246.114 port 38298 ssh2
Jan 31 07:21:53 psimulator sshd[5637]: Received disconnect from 47.50.246.114 port 38298:11: Bye Bye [preauth]
Jan 31 07:21:53 psimulator sshd[5637]: Disconnected from authenticating user root 47.50.246.114 port 38298 [preauth]
Jan 31 07:21:53 psimulator sshd[5646]: pam_unix(sshd:auth): authentication failure; logname= uid=0 euid=0 tty=ssh ruser= rhost=51.254.32.102  user=root
Jan 31 07:21:53 psimulator sshd[5644]: pam_unix(sshd:auth): authentication failure; logname= uid=0 euid=0 tty=ssh ruser= rhost=51.77.149.232  user=root
Jan 31 07:21:53 psimulator sshd[5639]: Failed password for invalid user admin from 14.181.8.32 port 58097 ssh2
Jan 31 07:21:54 psimulator sshd[5639]: Connection closed by invalid user admin 14.181.8.32 port 58097 [preauth]
Jan 31 07:21:55 psimulator sshd[5641]: pam_unix(sshd:auth): authentication failure; logname= uid=0 euid=0 tty=ssh ruser= rhost=162.243.18.87  user=root
Jan 31 07:21:56 psimulator sshd[5648]: pam_unix(sshd:auth): authentication failure; logname= uid=0 euid=0 tty=ssh ruser= rhost=51.79.55.141  user=root
Jan 31 07:21:56 psimulator sshd[5650]: pam_unix(sshd:auth): authentication failure; logname= uid=0 euid=0 tty=ssh ruser= rhost=51.15.136.191  user=root
Jan 31 07:21:56 psimulator sshd[5646]: Failed password for root from 51.254.32.102 port 52238 ssh2
Jan 31 07:21:56 psimulator sshd[5646]: Received disconnect from 51.254.32.102 port 52238:11: Bye Bye [preauth]
Jan 31 07:21:56 psimulator sshd[5646]: Disconnected from authenticating user root 51.254.32.102 port 52238 [preauth]
Jan 31 07:21:56 psimulator sshd[5644]: Failed password for root from 51.77.149.232 port 51556 ssh2
Jan 31 07:21:56 psimulator sshd[5644]: Received disconnect from 51.77.149.232 port 51556:11: Bye Bye [preauth]
Jan 31 07:21:56 psimulator sshd[5644]: Disconnected from authenticating user root 51.77.149.232 port 51556 [preauth]
Jan 31 07:21:57 psimulator sshd[5641]: Failed password for root from 162.243.18.87 port 48180 ssh2
Jan 31 07:21:57 psimulator sshd[5641]: Received disconnect from 162.243.18.87 port 48180:11: Bye Bye [preauth]
Jan 31 07:21:57 psimulator sshd[5641]: Disconnected from authenticating user root 162.243.18.87 port 48180 [preauth]
Jan 31 07:21:57 psimulator sshd[5648]: Failed password for root from 51.79.55.141 port 46170 ssh2
Jan 31 07:21:57 psimulator sshd[5648]: Received disconnect from 51.79.55.141 port 46170:11: Bye Bye [preauth]
Jan 31 07:21:57 psimulator sshd[5648]: Disconnected from authenticating user root 51.79.55.141 port 46170 [preauth]
Jan 31 07:21:57 psimulator sshd[5650]: Failed password for root from 51.15.136.191 port 35964 ssh2
Jan 31 07:21:57 psimulator sshd[5650]: Received disconnect from 51.15.136.191 port 35964:11: Bye Bye [preauth]
Jan 31 07:21:57 psimulator sshd[5650]: Disconnected from authenticating user root 51.15.136.191 port 35964 [preauth]
Jan 31 07:21:57 psimulator sshd[5652]: pam_unix(sshd:auth): authentication failure; logname= uid=0 euid=0 tty=ssh ruser= rhost=190.131.196.18  user=root
Jan 31 07:21:58 psimulator sshd[5654]: Invalid user admin from 14.181.8.32 port 58787
Jan 31 07:21:58 psimulator sshd[5654]: pam_unix(sshd:auth): check pass; user unknown
Jan 31 07:21:58 psimulator sshd[5654]: pam_unix(sshd:auth): authentication failure; logname= uid=0 euid=0 tty=ssh ruser= rhost=14.181.8.32
Jan 31 07:22:00 psimulator sshd[5652]: Failed password for root from 190.131.196.18 port 52183 ssh2
Jan 31 07:22:00 psimulator sshd[5652]: Received disconnect from 190.131.196.18 port 52183:11: Bye Bye [preauth]
Jan 31 07:22:00 psimulator sshd[5652]: Disconnected from authenticating user root 190.131.196.18 port 52183 [preauth]
Jan 31 07:22:00 psimulator sshd[5654]: Failed password for invalid user admin from 14.181.8.32 port 58787 ssh2
Jan 31 07:22:00 psimulator sshd[5654]: Connection closed by invalid user admin 14.181.8.32 port 58787 [preauth]
Jan 31 07:22:01 psimulator sshd[5657]: pam_unix(sshd:auth): authentication failure; logname= uid=0 euid=0 tty=ssh ruser= rhost=121.121.149.168  user=root
Jan 31 07:22:03 psimulator sshd[5657]: Failed password for root from 121.121.149.168 port 55557 ssh2
Jan 31 07:22:03 psimulator sshd[5657]: Received disconnect from 121.121.149.168 port 55557:11: Bye Bye [preauth]
Jan 31 07:22:03 psimulator sshd[5657]: Disconnected from authenticating user root 121.121.149.168 port 55557 [preauth]
Jan 31 07:22:04 psimulator sshd[5659]: pam_unix(sshd:auth): authentication failure; logname= uid=0 euid=0 tty=ssh ruser= rhost=144.34.240.47  user=root
Jan 31 07:22:05 psimulator sshd[5661]: Invalid user admin from 14.181.8.32 port 59982
Jan 31 07:22:05 psimulator sshd[5661]: pam_unix(sshd:auth): check pass; user unknown
Jan 31 07:22:05 psimulator sshd[5661]: pam_unix(sshd:auth): authentication failure; logname= uid=0 euid=0 tty=ssh ruser= rhost=14.181.8.32
Jan 31 07:22:06 psimulator sshd[5659]: Failed password for root from 144.34.240.47 port 38124 ssh2
Jan 31 07:22:06 psimulator sshd[5659]: Received disconnect from 144.34.240.47 port 38124:11: Bye Bye [preauth]
Jan 31 07:22:06 psimulator sshd[5659]: Disconnected from authenticating user root 144.34.240.47 port 38124 [preauth]
Jan 31 07:22:07 psimulator sshd[5661]: Failed password for invalid user admin from 14.181.8.32 port 59982 ssh2
Jan 31 07:22:08 psimulator sshd[5661]: Connection closed by invalid user admin 14.181.8.32 port 59982 [preauth]
Jan 31 07:22:08 psimulator sshd[5664]: pam_unix(sshd:auth): authentication failure; logname= uid=0 euid=0 tty=ssh ruser= rhost=47.50.246.114  user=root
Jan 31 07:22:10 psimulator sshd[5664]: Failed password for root from 47.50.246.114 port 40392 ssh2
Jan 31 07:22:10 psimulator sshd[5664]: Received disconnect from 47.50.246.114 port 40392:11: Bye Bye [preauth]
Jan 31 07:22:10 psimulator sshd[5664]: Disconnected from authenticating user root 47.50.246.114 port 40392 [preauth]
Jan 31 07:22:12 psimulator sshd[5667]: Invalid user default from 14.181.8.32 port 60697
Jan 31 07:22:12 psimulator sshd[5667]: Failed none for invalid user default from 14.181.8.32 port 60697 ssh2
Jan 31 07:22:12 psimulator sshd[5667]: Connection closed by invalid user default 14.181.8.32 port 60697 [preauth]
Jan 31 07:22:17 psimulator sshd[5669]: Invalid user default from 14.181.8.32 port 61343
Jan 31 07:22:17 psimulator sshd[5669]: pam_unix(sshd:auth): check pass; user unknown
Jan 31 07:22:17 psimulator sshd[5669]: pam_unix(sshd:auth): authentication failure; logname= uid=0 euid=0 tty=ssh ruser= rhost=14.181.8.32
Jan 31 07:22:19 psimulator sshd[5669]: Failed password for invalid user default from 14.181.8.32 port 61343 ssh2
Jan 31 07:22:19 psimulator sshd[5669]: Connection closed by invalid user default 14.181.8.32 port 61343 [preauth]
Jan 31 07:22:24 psimulator sshd[5673]: Invalid user default from 14.181.8.32 port 62303
Jan 31 07:22:24 psimulator sshd[5673]: pam_unix(sshd:auth): check pass; user unknown
Jan 31 07:22:24 psimulator sshd[5673]: pam_unix(sshd:auth): authentication failure; logname= uid=0 euid=0 tty=ssh ruser= rhost=14.181.8.32
Jan 31 07:22:27 psimulator sshd[5673]: Failed password for invalid user default from 14.181.8.32 port 62303 ssh2
Jan 31 07:22:27 psimulator sshd[5673]: Connection closed by invalid user default 14.181.8.32 port 62303 [preauth]
Jan 31 07:22:28 psimulator sshd[5675]: pam_unix(sshd:auth): authentication failure; logname= uid=0 euid=0 tty=ssh ruser= rhost=165.227.75.135  user=root
Jan 31 07:22:29 psimulator sshd[5677]: pam_unix(sshd:auth): authentication failure; logname= uid=0 euid=0 tty=ssh ruser= rhost=47.50.246.114  user=root
Jan 31 07:22:29 psimulator sshd[5678]: pam_unix(sshd:auth): authentication failure; logname= uid=0 euid=0 tty=ssh ruser= rhost=152.32.145.9  user=root
Jan 31 07:22:30 psimulator sshd[5675]: Failed password for root from 165.227.75.135 port 55550 ssh2
Jan 31 07:22:30 psimulator sshd[5675]: Received disconnect from 165.227.75.135 port 55550:11: Bye Bye [preauth]
Jan 31 07:22:30 psimulator sshd[5675]: Disconnected from authenticating user root 165.227.75.135 port 55550 [preauth]
Jan 31 07:22:31 psimulator sshd[5677]: Failed password for root from 47.50.246.114 port 42484 ssh2
Jan 31 07:22:31 psimulator sshd[5677]: Received disconnect from 47.50.246.114 port 42484:11: Bye Bye [preauth]
Jan 31 07:22:31 psimulator sshd[5677]: Disconnected from authenticating user root 47.50.246.114 port 42484 [preauth]
Jan 31 07:22:31 psimulator sshd[5682]: Invalid user default from 14.181.8.32 port 63026
Jan 31 07:22:31 psimulator sshd[5682]: pam_unix(sshd:auth): check pass; user unknown
Jan 31 07:22:31 psimulator sshd[5682]: pam_unix(sshd:auth): authentication failure; logname= uid=0 euid=0 tty=ssh ruser= rhost=14.181.8.32
Jan 31 07:22:31 psimulator sshd[5678]: Failed password for root from 152.32.145.9 port 50516 ssh2
Jan 31 07:22:32 psimulator sshd[5678]: Received disconnect from 152.32.145.9 port 50516:11: Bye Bye [preauth]
Jan 31 07:22:32 psimulator sshd[5678]: Disconnected from authenticating user root 152.32.145.9 port 50516 [preauth]
Jan 31 07:22:33 psimulator sshd[5682]: Failed password for invalid user default from 14.181.8.32 port 63026 ssh2
Jan 31 07:22:33 psimulator sshd[5682]: Connection closed by invalid user default 14.181.8.32 port 63026 [preauth]
Jan 31 07:22:37 psimulator sshd[5685]: Invalid user default from 14.181.8.32 port 63745
Jan 31 07:22:38 psimulator sshd[5685]: pam_unix(sshd:auth): check pass; user unknown
Jan 31 07:22:38 psimulator sshd[5685]: pam_unix(sshd:auth): authentication failure; logname= uid=0 euid=0 tty=ssh ruser= rhost=14.181.8.32
Jan 31 07:22:39 psimulator sshd[5685]: Failed password for invalid user default from 14.181.8.32 port 63745 ssh2
Jan 31 07:22:39 psimulator sshd[5685]: Connection closed by invalid user default 14.181.8.32 port 63745 [preauth]
Jan 31 07:22:44 psimulator sshd[5689]: Invalid user default from 14.181.8.32 port 64900
Jan 31 07:22:44 psimulator sshd[5689]: pam_unix(sshd:auth): check pass; user unknown
Jan 31 07:22:44 psimulator sshd[5689]: pam_unix(sshd:auth): authentication failure; logname= uid=0 euid=0 tty=ssh ruser= rhost=14.181.8.32
Jan 31 07:22:45 psimulator sshd[5688]: pam_unix(sshd:auth): authentication failure; logname= uid=0 euid=0 tty=ssh ruser= rhost=51.79.55.141  user=root
Jan 31 07:22:45 psimulator sshd[5689]: Failed password for invalid user default from 14.181.8.32 port 64900 ssh2
Jan 31 07:22:46 psimulator sshd[5689]: Connection closed by invalid user default 14.181.8.32 port 64900 [preauth]
Jan 31 07:22:47 psimulator sshd[5688]: Failed password for root from 51.79.55.141 port 57742 ssh2
Jan 31 07:22:47 psimulator sshd[5688]: Received disconnect from 51.79.55.141 port 57742:11: Bye Bye [preauth]
Jan 31 07:22:47 psimulator sshd[5688]: Disconnected from authenticating user root 51.79.55.141 port 57742 [preauth]
Jan 31 07:22:48 psimulator sshd[5693]: pam_unix(sshd:auth): authentication failure; logname= uid=0 euid=0 tty=ssh ruser= rhost=47.50.246.114  user=root
Jan 31 07:22:50 psimulator sshd[5695]: Invalid user default from 14.181.8.32 port 49212
Jan 31 07:22:50 psimulator sshd[5695]: pam_unix(sshd:auth): check pass; user unknown
Jan 31 07:22:50 psimulator sshd[5695]: pam_unix(sshd:auth): authentication failure; logname= uid=0 euid=0 tty=ssh ruser= rhost=14.181.8.32
Jan 31 07:22:51 psimulator sshd[5693]: Failed password for root from 47.50.246.114 port 44578 ssh2
Jan 31 07:22:51 psimulator sshd[5693]: Received disconnect from 47.50.246.114 port 44578:11: Bye Bye [preauth]
Jan 31 07:22:51 psimulator sshd[5693]: Disconnected from authenticating user root 47.50.246.114 port 44578 [preauth]
Jan 31 07:22:52 psimulator sshd[5695]: Failed password for invalid user default from 14.181.8.32 port 49212 ssh2
Jan 31 07:22:52 psimulator sshd[5695]: Connection closed by invalid user default 14.181.8.32 port 49212 [preauth]
Jan 31 07:22:57 psimulator sshd[5698]: Invalid user default from 14.181.8.32 port 49906
Jan 31 07:22:57 psimulator sshd[5698]: pam_unix(sshd:auth): check pass; user unknown
Jan 31 07:22:57 psimulator sshd[5698]: pam_unix(sshd:auth): authentication failure; logname= uid=0 euid=0 tty=ssh ruser= rhost=14.181.8.32
Jan 31 07:22:59 psimulator sshd[5698]: Failed password for invalid user default from 14.181.8.32 port 49906 ssh2
Jan 31 07:22:59 psimulator sshd[5698]: Connection closed by invalid user default 14.181.8.32 port 49906 [preauth]
Jan 31 07:23:03 psimulator sshd[5701]: Invalid user default from 14.181.8.32 port 50859
Jan 31 07:23:04 psimulator sshd[5701]: pam_unix(sshd:auth): check pass; user unknown
Jan 31 07:23:04 psimulator sshd[5701]: pam_unix(sshd:auth): authentication failure; logname= uid=0 euid=0 tty=ssh ruser= rhost=14.181.8.32
Jan 31 07:23:05 psimulator sshd[5703]: pam_unix(sshd:auth): authentication failure; logname= uid=0 euid=0 tty=ssh ruser= rhost=119.45.184.52  user=root
Jan 31 07:23:06 psimulator sshd[5701]: Failed password for invalid user default from 14.181.8.32 port 50859 ssh2
Jan 31 07:23:06 psimulator sshd[5701]: Connection closed by invalid user default 14.181.8.32 port 50859 [preauth]
Jan 31 07:23:06 psimulator sshd[5706]: pam_unix(sshd:auth): authentication failure; logname= uid=0 euid=0 tty=ssh ruser= rhost=47.50.246.114  user=root
Jan 31 07:23:07 psimulator sshd[5703]: Failed password for root from 119.45.184.52 port 49468 ssh2
Jan 31 07:23:07 psimulator sshd[5708]: pam_unix(sshd:auth): authentication failure; logname= uid=0 euid=0 tty=ssh ruser= rhost=51.254.32.102  user=root
Jan 31 07:23:08 psimulator sshd[5703]: Received disconnect from 119.45.184.52 port 49468:11: Bye Bye [preauth]
Jan 31 07:23:08 psimulator sshd[5703]: Disconnected from authenticating user root 119.45.184.52 port 49468 [preauth]
Jan 31 07:23:08 psimulator sshd[5706]: Failed password for root from 47.50.246.114 port 46674 ssh2
Jan 31 07:23:08 psimulator sshd[5706]: Received disconnect from 47.50.246.114 port 46674:11: Bye Bye [preauth]
Jan 31 07:23:08 psimulator sshd[5706]: Disconnected from authenticating user root 47.50.246.114 port 46674 [preauth]
Jan 31 07:23:09 psimulator sshd[5708]: Failed password for root from 51.254.32.102 port 43756 ssh2
Jan 31 07:23:09 psimulator sshd[5708]: Received disconnect from 51.254.32.102 port 43756:11: Bye Bye [preauth]
Jan 31 07:23:09 psimulator sshd[5708]: Disconnected from authenticating user root 51.254.32.102 port 43756 [preauth]
Jan 31 07:23:10 psimulator sshd[5710]: Invalid user default from 14.181.8.32 port 51565
Jan 31 07:23:10 psimulator sshd[5710]: pam_unix(sshd:auth): check pass; user unknown
Jan 31 07:23:10 psimulator sshd[5710]: pam_unix(sshd:auth): authentication failure; logname= uid=0 euid=0 tty=ssh ruser= rhost=14.181.8.32
Jan 31 07:23:13 psimulator sshd[5710]: Failed password for invalid user default from 14.181.8.32 port 51565 ssh2
Jan 31 07:23:13 psimulator sshd[5710]: Connection closed by invalid user default 14.181.8.32 port 51565 [preauth]
Jan 31 07:23:17 psimulator sshd[5713]: Invalid user default from 14.181.8.32 port 52516
Jan 31 07:23:18 psimulator sshd[5713]: pam_unix(sshd:auth): check pass; user unknown
Jan 31 07:23:18 psimulator sshd[5713]: pam_unix(sshd:auth): authentication failure; logname= uid=0 euid=0 tty=ssh ruser= rhost=14.181.8.32
Jan 31 07:23:20 psimulator sshd[5713]: Failed password for invalid user default from 14.181.8.32 port 52516 ssh2
Jan 31 07:23:20 psimulator sshd[5713]: Connection closed by invalid user default 14.181.8.32 port 52516 [preauth]
Jan 31 07:23:24 psimulator sshd[5717]: Invalid user default from 14.181.8.32 port 53473
Jan 31 07:23:25 psimulator sshd[5717]: pam_unix(sshd:auth): check pass; user unknown
Jan 31 07:23:25 psimulator sshd[5717]: pam_unix(sshd:auth): authentication failure; logname= uid=0 euid=0 tty=ssh ruser= rhost=14.181.8.32
Jan 31 07:23:26 psimulator sshd[5719]: pam_unix(sshd:auth): authentication failure; logname= uid=0 euid=0 tty=ssh ruser= rhost=47.50.246.114  user=root
Jan 31 07:23:27 psimulator sshd[5717]: Failed password for invalid user default from 14.181.8.32 port 53473 ssh2
Jan 31 07:23:28 psimulator sshd[5719]: Failed password for root from 47.50.246.114 port 48762 ssh2
Jan 31 07:23:28 psimulator sshd[5717]: Connection closed by invalid user default 14.181.8.32 port 53473 [preauth]
Jan 31 07:23:28 psimulator sshd[5719]: Received disconnect from 47.50.246.114 port 48762:11: Bye Bye [preauth]
Jan 31 07:23:28 psimulator sshd[5719]: Disconnected from authenticating user root 47.50.246.114 port 48762 [preauth]
Jan 31 07:23:29 psimulator sshd[5723]: pam_unix(sshd:auth): authentication failure; logname= uid=0 euid=0 tty=ssh ruser= rhost=51.77.149.232  user=root
Jan 31 07:23:31 psimulator sshd[5723]: Failed password for root from 51.77.149.232 port 49258 ssh2
Jan 31 07:23:31 psimulator sshd[5723]: Received disconnect from 51.77.149.232 port 49258:11: Bye Bye [preauth]
Jan 31 07:23:31 psimulator sshd[5723]: Disconnected from authenticating user root 51.77.149.232 port 49258 [preauth]
Jan 31 07:23:32 psimulator sshd[5721]: pam_unix(sshd:auth): authentication failure; logname= uid=0 euid=0 tty=ssh ruser= rhost=104.236.35.211  user=root
Jan 31 07:23:32 psimulator sshd[5726]: Invalid user default from 14.181.8.32 port 54442
Jan 31 07:23:32 psimulator sshd[5726]: pam_unix(sshd:auth): check pass; user unknown
Jan 31 07:23:32 psimulator sshd[5726]: pam_unix(sshd:auth): authentication failure; logname= uid=0 euid=0 tty=ssh ruser= rhost=14.181.8.32
Jan 31 07:23:33 psimulator sshd[5721]: Failed password for root from 104.236.35.211 port 49620 ssh2
Jan 31 07:23:33 psimulator sshd[5721]: Received disconnect from 104.236.35.211 port 49620:11: Bye Bye [preauth]
Jan 31 07:23:33 psimulator sshd[5721]: Disconnected from authenticating user root 104.236.35.211 port 49620 [preauth]
Jan 31 07:23:34 psimulator sshd[5726]: Failed password for invalid user default from 14.181.8.32 port 54442 ssh2
Jan 31 07:23:34 psimulator sshd[5726]: Connection closed by invalid user default 14.181.8.32 port 54442 [preauth]
Jan 31 07:23:37 psimulator sshd[5729]: pam_unix(sshd:auth): authentication failure; logname= uid=0 euid=0 tty=ssh ruser= rhost=51.79.55.141  user=root
Jan 31 07:23:38 psimulator sshd[5731]: Invalid user default from 14.181.8.32 port 55123
Jan 31 07:23:39 psimulator sshd[5731]: pam_unix(sshd:auth): check pass; user unknown
Jan 31 07:23:39 psimulator sshd[5731]: pam_unix(sshd:auth): authentication failure; logname= uid=0 euid=0 tty=ssh ruser= rhost=14.181.8.32
Jan 31 07:23:40 psimulator sshd[5731]: Failed password for invalid user default from 14.181.8.32 port 55123 ssh2
Jan 31 07:23:40 psimulator sshd[5729]: Failed password for root from 51.79.55.141 port 41402 ssh2
Jan 31 07:23:40 psimulator sshd[5729]: Received disconnect from 51.79.55.141 port 41402:11: Bye Bye [preauth]
Jan 31 07:23:40 psimulator sshd[5729]: Disconnected from authenticating user root 51.79.55.141 port 41402 [preauth]
Jan 31 07:23:40 psimulator sshd[5731]: Connection closed by invalid user default 14.181.8.32 port 55123 [preauth]
Jan 31 07:23:45 psimulator sshd[5734]: pam_unix(sshd:auth): authentication failure; logname= uid=0 euid=0 tty=ssh ruser= rhost=152.32.145.9  user=root
Jan 31 07:23:45 psimulator sshd[5736]: Invalid user default from 14.181.8.32 port 55806
Jan 31 07:23:45 psimulator sshd[5736]: pam_unix(sshd:auth): check pass; user unknown
Jan 31 07:23:45 psimulator sshd[5736]: pam_unix(sshd:auth): authentication failure; logname= uid=0 euid=0 tty=ssh ruser= rhost=14.181.8.32
Jan 31 07:23:47 psimulator sshd[5734]: Failed password for root from 152.32.145.9 port 39512 ssh2
Jan 31 07:23:47 psimulator sshd[5734]: Received disconnect from 152.32.145.9 port 39512:11: Bye Bye [preauth]
Jan 31 07:23:47 psimulator sshd[5734]: Disconnected from authenticating user root 152.32.145.9 port 39512 [preauth]
Jan 31 07:23:47 psimulator sshd[5738]: pam_unix(sshd:auth): authentication failure; logname= uid=0 euid=0 tty=ssh ruser= rhost=51.15.179.65  user=root
Jan 31 07:23:47 psimulator sshd[5736]: Failed password for invalid user default from 14.181.8.32 port 55806 ssh2
Jan 31 07:23:47 psimulator sshd[5736]: Connection closed by invalid user default 14.181.8.32 port 55806 [preauth]
Jan 31 07:23:49 psimulator sshd[5741]: pam_unix(sshd:auth): authentication failure; logname= uid=0 euid=0 tty=ssh ruser= rhost=47.50.246.114  user=root
Jan 31 07:23:49 psimulator sshd[5738]: Failed password for root from 51.15.179.65 port 50814 ssh2
Jan 31 07:23:49 psimulator sshd[5738]: Received disconnect from 51.15.179.65 port 50814:11: Bye Bye [preauth]
Jan 31 07:23:49 psimulator sshd[5738]: Disconnected from authenticating user root 51.15.179.65 port 50814 [preauth]
Jan 31 07:23:51 psimulator sshd[5741]: Failed password for root from 47.50.246.114 port 50858 ssh2
Jan 31 07:23:51 psimulator sshd[5741]: Received disconnect from 47.50.246.114 port 50858:11: Bye Bye [preauth]
Jan 31 07:23:51 psimulator sshd[5741]: Disconnected from authenticating user root 47.50.246.114 port 50858 [preauth]
Jan 31 07:23:52 psimulator sshd[5745]: Invalid user default from 14.181.8.32 port 56758
Jan 31 07:23:52 psimulator sshd[5745]: pam_unix(sshd:auth): check pass; user unknown
Jan 31 07:23:52 psimulator sshd[5745]: pam_unix(sshd:auth): authentication failure; logname= uid=0 euid=0 tty=ssh ruser= rhost=14.181.8.32
Jan 31 07:23:54 psimulator sshd[5745]: Failed password for invalid user default from 14.181.8.32 port 56758 ssh2
Jan 31 07:23:54 psimulator sshd[5745]: Connection closed by invalid user default 14.181.8.32 port 56758 [preauth]
Jan 31 07:23:58 psimulator sshd[5747]: pam_unix(sshd:auth): authentication failure; logname= uid=0 euid=0 tty=ssh ruser= rhost=162.243.18.87  user=root
Jan 31 07:23:58 psimulator sshd[5750]: Invalid user default from 14.181.8.32 port 57475
Jan 31 07:23:59 psimulator sshd[5750]: pam_unix(sshd:auth): check pass; user unknown
Jan 31 07:23:59 psimulator sshd[5750]: pam_unix(sshd:auth): authentication failure; logname= uid=0 euid=0 tty=ssh ruser= rhost=14.181.8.32
Jan 31 07:24:00 psimulator sshd[5747]: Failed password for root from 162.243.18.87 port 57166 ssh2
Jan 31 07:24:00 psimulator sshd[5747]: Received disconnect from 162.243.18.87 port 57166:11: Bye Bye [preauth]
Jan 31 07:24:00 psimulator sshd[5747]: Disconnected from authenticating user root 162.243.18.87 port 57166 [preauth]
Jan 31 07:24:01 psimulator sshd[5750]: Failed password for invalid user default from 14.181.8.32 port 57475 ssh2
Jan 31 07:24:01 psimulator sshd[5750]: Connection closed by invalid user default 14.181.8.32 port 57475 [preauth]
Jan 31 07:24:05 psimulator sshd[5753]: Invalid user default from 14.181.8.32 port 58406
Jan 31 07:24:06 psimulator sshd[5753]: pam_unix(sshd:auth): check pass; user unknown
Jan 31 07:24:06 psimulator sshd[5753]: pam_unix(sshd:auth): authentication failure; logname= uid=0 euid=0 tty=ssh ruser= rhost=14.181.8.32
Jan 31 07:24:07 psimulator sshd[5753]: Failed password for invalid user default from 14.181.8.32 port 58406 ssh2
Jan 31 07:24:08 psimulator sshd[5753]: Connection closed by invalid user default 14.181.8.32 port 58406 [preauth]
Jan 31 07:24:08 psimulator sshd[5758]: pam_unix(sshd:auth): authentication failure; logname= uid=0 euid=0 tty=ssh ruser= rhost=47.50.246.114  user=root
Jan 31 07:24:11 psimulator sshd[5758]: Failed password for root from 47.50.246.114 port 52950 ssh2
Jan 31 07:24:11 psimulator sshd[5758]: Received disconnect from 47.50.246.114 port 52950:11: Bye Bye [preauth]
Jan 31 07:24:11 psimulator sshd[5758]: Disconnected from authenticating user root 47.50.246.114 port 52950 [preauth]
Jan 31 07:24:12 psimulator sshd[5761]: Invalid user default from 14.181.8.32 port 59348
Jan 31 07:24:12 psimulator sshd[5761]: pam_unix(sshd:auth): check pass; user unknown
Jan 31 07:24:12 psimulator sshd[5761]: pam_unix(sshd:auth): authentication failure; logname= uid=0 euid=0 tty=ssh ruser= rhost=14.181.8.32
Jan 31 07:24:14 psimulator sshd[5761]: Failed password for invalid user default from 14.181.8.32 port 59348 ssh2
Jan 31 07:24:15 psimulator sshd[5761]: Connection closed by invalid user default 14.181.8.32 port 59348 [preauth]
Jan 31 07:24:19 psimulator sshd[5764]: Invalid user default from 14.181.8.32 port 60060
Jan 31 07:24:19 psimulator sshd[5764]: pam_unix(sshd:auth): check pass; user unknown
Jan 31 07:24:19 psimulator sshd[5764]: pam_unix(sshd:auth): authentication failure; logname= uid=0 euid=0 tty=ssh ruser= rhost=14.181.8.32
Jan 31 07:24:20 psimulator sshd[5766]: pam_unix(sshd:auth): authentication failure; logname= uid=0 euid=0 tty=ssh ruser= rhost=51.15.136.191  user=root
Jan 31 07:24:22 psimulator sshd[5766]: Failed password for root from 51.15.136.191 port 46770 ssh2
Jan 31 07:24:22 psimulator sshd[5766]: Received disconnect from 51.15.136.191 port 46770:11: Bye Bye [preauth]
Jan 31 07:24:22 psimulator sshd[5766]: Disconnected from authenticating user root 51.15.136.191 port 46770 [preauth]
Jan 31 07:24:22 psimulator sshd[5764]: Failed password for invalid user default from 14.181.8.32 port 60060 ssh2
Jan 31 07:24:22 psimulator sshd[5764]: Connection closed by invalid user default 14.181.8.32 port 60060 [preauth]
Jan 31 07:24:23 psimulator sshd[5768]: pam_unix(sshd:auth): authentication failure; logname= uid=0 euid=0 tty=ssh ruser= rhost=51.254.32.102  user=root
Jan 31 07:24:25 psimulator sshd[5768]: Failed password for root from 51.254.32.102 port 35274 ssh2
Jan 31 07:24:25 psimulator sshd[5768]: Received disconnect from 51.254.32.102 port 35274:11: Bye Bye [preauth]
Jan 31 07:24:25 psimulator sshd[5768]: Disconnected from authenticating user root 51.254.32.102 port 35274 [preauth]
Jan 31 07:24:27 psimulator sshd[5771]: Invalid user MikroTik from 14.181.8.32 port 61033
Jan 31 07:24:27 psimulator sshd[5771]: Failed none for invalid user MikroTik from 14.181.8.32 port 61033 ssh2
Jan 31 07:24:27 psimulator sshd[5771]: Connection closed by invalid user MikroTik 14.181.8.32 port 61033 [preauth]
Jan 31 07:24:30 psimulator sshd[5775]: pam_unix(sshd:auth): authentication failure; logname= uid=0 euid=0 tty=ssh ruser= rhost=47.50.246.114  user=root
Jan 31 07:24:31 psimulator sshd[5777]: Invalid user MikroTik from 14.181.8.32 port 61717
Jan 31 07:24:32 psimulator sshd[5777]: pam_unix(sshd:auth): check pass; user unknown
Jan 31 07:24:32 psimulator sshd[5777]: pam_unix(sshd:auth): authentication failure; logname= uid=0 euid=0 tty=ssh ruser= rhost=14.181.8.32
Jan 31 07:24:32 psimulator sshd[5775]: Failed password for root from 47.50.246.114 port 55046 ssh2
Jan 31 07:24:32 psimulator sshd[5775]: Received disconnect from 47.50.246.114 port 55046:11: Bye Bye [preauth]
Jan 31 07:24:32 psimulator sshd[5775]: Disconnected from authenticating user root 47.50.246.114 port 55046 [preauth]
Jan 31 07:24:33 psimulator sshd[5779]: pam_unix(sshd:auth): authentication failure; logname= uid=0 euid=0 tty=ssh ruser= rhost=51.79.55.141  user=root
Jan 31 07:24:34 psimulator sshd[5777]: Failed password for invalid user MikroTik from 14.181.8.32 port 61717 ssh2
Jan 31 07:24:34 psimulator sshd[5777]: Connection closed by invalid user MikroTik 14.181.8.32 port 61717 [preauth]
Jan 31 07:24:34 psimulator sshd[5779]: Failed password for root from 51.79.55.141 port 52890 ssh2
Jan 31 07:24:34 psimulator sshd[5779]: Received disconnect from 51.79.55.141 port 52890:11: Bye Bye [preauth]
Jan 31 07:24:34 psimulator sshd[5779]: Disconnected from authenticating user root 51.79.55.141 port 52890 [preauth]
Jan 31 07:24:37 psimulator sshd[5783]: pam_unix(sshd:auth): authentication failure; logname= uid=0 euid=0 tty=ssh ruser= rhost=165.227.75.135  user=root
Jan 31 07:24:38 psimulator sshd[5785]: Invalid user MikroTik from 14.181.8.32 port 62635
Jan 31 07:24:38 psimulator sshd[5785]: pam_unix(sshd:auth): check pass; user unknown
Jan 31 07:24:38 psimulator sshd[5785]: pam_unix(sshd:auth): authentication failure; logname= uid=0 euid=0 tty=ssh ruser= rhost=14.181.8.32
Jan 31 07:24:39 psimulator sshd[5783]: Failed password for root from 165.227.75.135 port 49270 ssh2
Jan 31 07:24:40 psimulator sshd[5783]: Received disconnect from 165.227.75.135 port 49270:11: Bye Bye [preauth]
Jan 31 07:24:40 psimulator sshd[5783]: Disconnected from authenticating user root 165.227.75.135 port 49270 [preauth]
Jan 31 07:24:40 psimulator sshd[5785]: Failed password for invalid user MikroTik from 14.181.8.32 port 62635 ssh2
Jan 31 07:24:40 psimulator sshd[5785]: Connection closed by invalid user MikroTik 14.181.8.32 port 62635 [preauth]
Jan 31 07:24:45 psimulator sshd[5788]: Invalid user MikroTik from 14.181.8.32 port 63344
Jan 31 07:24:45 psimulator sshd[5788]: pam_unix(sshd:auth): check pass; user unknown
Jan 31 07:24:45 psimulator sshd[5788]: pam_unix(sshd:auth): authentication failure; logname= uid=0 euid=0 tty=ssh ruser= rhost=14.181.8.32
Jan 31 07:24:46 psimulator sshd[5790]: pam_unix(sshd:auth): authentication failure; logname= uid=0 euid=0 tty=ssh ruser= rhost=47.50.246.114  user=root
Jan 31 07:24:47 psimulator sshd[5788]: Failed password for invalid user MikroTik from 14.181.8.32 port 63344 ssh2
Jan 31 07:24:47 psimulator sshd[5791]: pam_unix(sshd:auth): authentication failure; logname= uid=0 euid=0 tty=ssh ruser= rhost=190.131.196.18  user=root
Jan 31 07:24:47 psimulator sshd[5788]: Connection closed by invalid user MikroTik 14.181.8.32 port 63344 [preauth]
Jan 31 07:24:48 psimulator sshd[5794]: pam_unix(sshd:auth): authentication failure; logname= uid=0 euid=0 tty=ssh ruser= rhost=121.121.149.168  user=root
Jan 31 07:24:48 psimulator sshd[5790]: Failed password for root from 47.50.246.114 port 57138 ssh2
Jan 31 07:24:49 psimulator sshd[5790]: Received disconnect from 47.50.246.114 port 57138:11: Bye Bye [preauth]
Jan 31 07:24:49 psimulator sshd[5790]: Disconnected from authenticating user root 47.50.246.114 port 57138 [preauth]
Jan 31 07:24:49 psimulator sshd[5797]: Invalid user @ from 119.45.184.52 port 34326
Jan 31 07:24:49 psimulator sshd[5797]: pam_unix(sshd:auth): check pass; user unknown
Jan 31 07:24:49 psimulator sshd[5797]: pam_unix(sshd:auth): authentication failure; logname= uid=0 euid=0 tty=ssh ruser= rhost=119.45.184.52
Jan 31 07:24:49 psimulator sshd[5791]: Failed password for root from 190.131.196.18 port 43654 ssh2
Jan 31 07:24:49 psimulator sshd[5791]: Received disconnect from 190.131.196.18 port 43654:11: Bye Bye [preauth]
Jan 31 07:24:49 psimulator sshd[5791]: Disconnected from authenticating user root 190.131.196.18 port 43654 [preauth]
Jan 31 07:24:50 psimulator sshd[5794]: Failed password for root from 121.121.149.168 port 47184 ssh2
Jan 31 07:24:50 psimulator sshd[5794]: Received disconnect from 121.121.149.168 port 47184:11: Bye Bye [preauth]
Jan 31 07:24:50 psimulator sshd[5794]: Disconnected from authenticating user root 121.121.149.168 port 47184 [preauth]
Jan 31 07:24:51 psimulator sshd[5797]: Failed password for invalid user @ from 119.45.184.52 port 34326 ssh2
Jan 31 07:24:51 psimulator sshd[5799]: Invalid user MikroTik from 14.181.8.32 port 64286
Jan 31 07:24:51 psimulator sshd[5797]: Received disconnect from 119.45.184.52 port 34326:11: Bye Bye [preauth]
Jan 31 07:24:51 psimulator sshd[5797]: Disconnected from invalid user @ 119.45.184.52 port 34326 [preauth]
Jan 31 07:24:51 psimulator sshd[5799]: pam_unix(sshd:auth): check pass; user unknown
Jan 31 07:24:51 psimulator sshd[5799]: pam_unix(sshd:auth): authentication failure; logname= uid=0 euid=0 tty=ssh ruser= rhost=14.181.8.32
Jan 31 07:24:53 psimulator sshd[5799]: Failed password for invalid user MikroTik from 14.181.8.32 port 64286 ssh2
Jan 31 07:24:53 psimulator sshd[5799]: Connection closed by invalid user MikroTik 14.181.8.32 port 64286 [preauth]
Jan 31 07:24:58 psimulator sshd[5802]: Invalid user MikroTik from 14.181.8.32 port 64974
Jan 31 07:24:58 psimulator sshd[5802]: pam_unix(sshd:auth): check pass; user unknown
Jan 31 07:24:58 psimulator sshd[5802]: pam_unix(sshd:auth): authentication failure; logname= uid=0 euid=0 tty=ssh ruser= rhost=14.181.8.32
Jan 31 07:24:59 psimulator sshd[5804]: pam_unix(sshd:auth): authentication failure; logname= uid=0 euid=0 tty=ssh ruser= rhost=152.32.145.9  user=root
Jan 31 07:25:00 psimulator sshd[5802]: Failed password for invalid user MikroTik from 14.181.8.32 port 64974 ssh2
Jan 31 07:25:00 psimulator sshd[5802]: Connection closed by invalid user MikroTik 14.181.8.32 port 64974 [preauth]
Jan 31 07:25:01 psimulator sshd[5804]: Failed password for root from 152.32.145.9 port 56742 ssh2
Jan 31 07:25:01 psimulator sshd[5804]: Received disconnect from 152.32.145.9 port 56742:11: Bye Bye [preauth]
Jan 31 07:25:01 psimulator sshd[5804]: Disconnected from authenticating user root 152.32.145.9 port 56742 [preauth]
Jan 31 07:25:01 psimulator CRON[5807]: pam_unix(cron:session): session opened for user root by (uid=0)
Jan 31 07:25:01 psimulator CRON[5807]: pam_unix(cron:session): session closed for user root
Jan 31 07:25:04 psimulator sshd[5810]: Invalid user MikroTik from 14.181.8.32 port 49302
Jan 31 07:25:04 psimulator sshd[5810]: pam_unix(sshd:auth): check pass; user unknown
Jan 31 07:25:04 psimulator sshd[5810]: pam_unix(sshd:auth): authentication failure; logname= uid=0 euid=0 tty=ssh ruser= rhost=14.181.8.32
Jan 31 07:25:05 psimulator sshd[5812]: pam_unix(sshd:auth): authentication failure; logname= uid=0 euid=0 tty=ssh ruser= rhost=51.77.149.232  user=root
Jan 31 07:25:06 psimulator sshd[5810]: Failed password for invalid user MikroTik from 14.181.8.32 port 49302 ssh2
Jan 31 07:25:06 psimulator sshd[5810]: Connection closed by invalid user MikroTik 14.181.8.32 port 49302 [preauth]
Jan 31 07:25:07 psimulator sshd[5812]: Failed password for root from 51.77.149.232 port 46960 ssh2
Jan 31 07:25:07 psimulator sshd[5812]: Received disconnect from 51.77.149.232 port 46960:11: Bye Bye [preauth]
Jan 31 07:25:07 psimulator sshd[5812]: Disconnected from authenticating user root 51.77.149.232 port 46960 [preauth]
Jan 31 07:25:11 psimulator sshd[5815]: Invalid user MikroTik from 14.181.8.32 port 50298
Jan 31 07:25:11 psimulator sshd[5815]: pam_unix(sshd:auth): check pass; user unknown
Jan 31 07:25:11 psimulator sshd[5815]: pam_unix(sshd:auth): authentication failure; logname= uid=0 euid=0 tty=ssh ruser= rhost=14.181.8.32
Jan 31 07:25:11 psimulator sshd[5817]: pam_unix(sshd:auth): authentication failure; logname= uid=0 euid=0 tty=ssh ruser= rhost=47.50.246.114  user=root
Jan 31 07:25:12 psimulator sshd[5815]: Failed password for invalid user MikroTik from 14.181.8.32 port 50298 ssh2
Jan 31 07:25:13 psimulator sshd[5817]: Failed password for root from 47.50.246.114 port 59234 ssh2
Jan 31 07:25:13 psimulator sshd[5815]: Connection closed by invalid user MikroTik 14.181.8.32 port 50298 [preauth]
Jan 31 07:25:13 psimulator sshd[5817]: Received disconnect from 47.50.246.114 port 59234:11: Bye Bye [preauth]
Jan 31 07:25:13 psimulator sshd[5817]: Disconnected from authenticating user root 47.50.246.114 port 59234 [preauth]
Jan 31 07:25:17 psimulator sshd[5820]: Invalid user MikroTik from 14.181.8.32 port 51184
Jan 31 07:25:17 psimulator sshd[5820]: pam_unix(sshd:auth): check pass; user unknown
Jan 31 07:25:17 psimulator sshd[5820]: pam_unix(sshd:auth): authentication failure; logname= uid=0 euid=0 tty=ssh ruser= rhost=14.181.8.32
Jan 31 07:25:19 psimulator sshd[5820]: Failed password for invalid user MikroTik from 14.181.8.32 port 51184 ssh2
Jan 31 07:25:20 psimulator sshd[5820]: Connection closed by invalid user MikroTik 14.181.8.32 port 51184 [preauth]
Jan 31 07:25:24 psimulator sshd[5826]: Invalid user MikroTik from 14.181.8.32 port 51877
Jan 31 07:25:24 psimulator sshd[5823]: pam_unix(sshd:auth): authentication failure; logname= uid=0 euid=0 tty=ssh ruser= rhost=51.79.55.141  user=root
Jan 31 07:25:24 psimulator sshd[5826]: pam_unix(sshd:auth): check pass; user unknown
Jan 31 07:25:24 psimulator sshd[5826]: pam_unix(sshd:auth): authentication failure; logname= uid=0 euid=0 tty=ssh ruser= rhost=14.181.8.32
Jan 31 07:25:26 psimulator sshd[5823]: Failed password for root from 51.79.55.141 port 36648 ssh2
Jan 31 07:25:26 psimulator sshd[5826]: Failed password for invalid user MikroTik from 14.181.8.32 port 51877 ssh2
Jan 31 07:25:26 psimulator sshd[5823]: Received disconnect from 51.79.55.141 port 36648:11: Bye Bye [preauth]
Jan 31 07:25:26 psimulator sshd[5823]: Disconnected from authenticating user root 51.79.55.141 port 36648 [preauth]
Jan 31 07:25:27 psimulator sshd[5826]: Connection closed by invalid user MikroTik 14.181.8.32 port 51877 [preauth]
Jan 31 07:25:30 psimulator sshd[5829]: pam_unix(sshd:auth): authentication failure; logname= uid=0 euid=0 tty=ssh ruser= rhost=47.50.246.114  user=root
Jan 31 07:25:31 psimulator sshd[5831]: Invalid user MikroTik from 14.181.8.32 port 52851
Jan 31 07:25:31 psimulator sshd[5831]: pam_unix(sshd:auth): check pass; user unknown
Jan 31 07:25:31 psimulator sshd[5831]: pam_unix(sshd:auth): authentication failure; logname= uid=0 euid=0 tty=ssh ruser= rhost=14.181.8.32
Jan 31 07:25:32 psimulator sshd[5829]: Failed password for root from 47.50.246.114 port 33096 ssh2
Jan 31 07:25:32 psimulator sshd[5829]: Received disconnect from 47.50.246.114 port 33096:11: Bye Bye [preauth]
Jan 31 07:25:32 psimulator sshd[5829]: Disconnected from authenticating user root 47.50.246.114 port 33096 [preauth]
Jan 31 07:25:33 psimulator sshd[5831]: Failed password for invalid user MikroTik from 14.181.8.32 port 52851 ssh2
Jan 31 07:25:34 psimulator sshd[5831]: Connection closed by invalid user MikroTik 14.181.8.32 port 52851 [preauth]
Jan 31 07:25:38 psimulator sshd[5834]: Invalid user MikroTik from 14.181.8.32 port 53797
Jan 31 07:25:38 psimulator sshd[5834]: pam_unix(sshd:auth): check pass; user unknown
Jan 31 07:25:38 psimulator sshd[5834]: pam_unix(sshd:auth): authentication failure; logname= uid=0 euid=0 tty=ssh ruser= rhost=14.181.8.32
Jan 31 07:25:39 psimulator sshd[5836]: pam_unix(sshd:auth): authentication failure; logname= uid=0 euid=0 tty=ssh ruser= rhost=51.254.32.102  user=root
Jan 31 07:25:40 psimulator sshd[5834]: Failed password for invalid user MikroTik from 14.181.8.32 port 53797 ssh2
Jan 31 07:25:40 psimulator sshd[5834]: Connection closed by invalid user MikroTik 14.181.8.32 port 53797 [preauth]
Jan 31 07:25:41 psimulator sshd[5836]: Failed password for root from 51.254.32.102 port 55022 ssh2
Jan 31 07:25:41 psimulator sshd[5836]: Received disconnect from 51.254.32.102 port 55022:11: Bye Bye [preauth]
Jan 31 07:25:41 psimulator sshd[5836]: Disconnected from authenticating user root 51.254.32.102 port 55022 [preauth]
Jan 31 07:25:44 psimulator sshd[5841]: Invalid user MikroTik from 14.181.8.32 port 54473
Jan 31 07:25:44 psimulator sshd[5841]: pam_unix(sshd:auth): check pass; user unknown
Jan 31 07:25:44 psimulator sshd[5841]: pam_unix(sshd:auth): authentication failure; logname= uid=0 euid=0 tty=ssh ruser= rhost=14.181.8.32
Jan 31 07:25:45 psimulator sshd[5839]: pam_unix(sshd:auth): authentication failure; logname= uid=0 euid=0 tty=ssh ruser= rhost=104.236.35.211  user=root
Jan 31 07:25:46 psimulator sshd[5841]: Failed password for invalid user MikroTik from 14.181.8.32 port 54473 ssh2
Jan 31 07:25:46 psimulator sshd[5841]: Connection closed by invalid user MikroTik 14.181.8.32 port 54473 [preauth]
Jan 31 07:25:46 psimulator sshd[5839]: Failed password for root from 104.236.35.211 port 48122 ssh2
Jan 31 07:25:47 psimulator sshd[5839]: Received disconnect from 104.236.35.211 port 48122:11: Bye Bye [preauth]
Jan 31 07:25:47 psimulator sshd[5839]: Disconnected from authenticating user root 104.236.35.211 port 48122 [preauth]
Jan 31 07:25:47 psimulator sshd[5843]: pam_unix(sshd:auth): authentication failure; logname= uid=0 euid=0 tty=ssh ruser= rhost=47.50.246.114  user=root
Jan 31 07:25:49 psimulator sshd[5843]: Failed password for root from 47.50.246.114 port 35188 ssh2
Jan 31 07:25:49 psimulator sshd[5843]: Received disconnect from 47.50.246.114 port 35188:11: Bye Bye [preauth]
Jan 31 07:25:49 psimulator sshd[5843]: Disconnected from authenticating user root 47.50.246.114 port 35188 [preauth]
Jan 31 07:25:51 psimulator sshd[5848]: Invalid user MikroTik from 14.181.8.32 port 55170
Jan 31 07:25:51 psimulator sshd[5848]: pam_unix(sshd:auth): check pass; user unknown
Jan 31 07:25:51 psimulator sshd[5848]: pam_unix(sshd:auth): authentication failure; logname= uid=0 euid=0 tty=ssh ruser= rhost=14.181.8.32
Jan 31 07:25:53 psimulator sshd[5846]: pam_unix(sshd:auth): authentication failure; logname= uid=0 euid=0 tty=ssh ruser= rhost=162.243.18.87  user=root
Jan 31 07:25:53 psimulator sshd[5848]: Failed password for invalid user MikroTik from 14.181.8.32 port 55170 ssh2
Jan 31 07:25:54 psimulator sshd[5848]: Connection closed by invalid user MikroTik 14.181.8.32 port 55170 [preauth]
Jan 31 07:25:55 psimulator sshd[5846]: Failed password for root from 162.243.18.87 port 37934 ssh2
Jan 31 07:25:55 psimulator sshd[5846]: Received disconnect from 162.243.18.87 port 37934:11: Bye Bye [preauth]
Jan 31 07:25:55 psimulator sshd[5846]: Disconnected from authenticating user root 162.243.18.87 port 37934 [preauth]
Jan 31 07:25:58 psimulator sshd[5851]: Invalid user MikroTik from 14.181.8.32 port 56128
Jan 31 07:25:58 psimulator sshd[5851]: pam_unix(sshd:auth): check pass; user unknown
Jan 31 07:25:58 psimulator sshd[5851]: pam_unix(sshd:auth): authentication failure; logname= uid=0 euid=0 tty=ssh ruser= rhost=14.181.8.32
Jan 31 07:26:00 psimulator sshd[5851]: Failed password for invalid user MikroTik from 14.181.8.32 port 56128 ssh2
Jan 31 07:26:00 psimulator sshd[5851]: Connection closed by invalid user MikroTik 14.181.8.32 port 56128 [preauth]
Jan 31 07:26:04 psimulator sshd[5854]: Invalid user MikroTik from 14.181.8.32 port 56822
Jan 31 07:26:04 psimulator sshd[5854]: pam_unix(sshd:auth): check pass; user unknown
Jan 31 07:26:04 psimulator sshd[5854]: pam_unix(sshd:auth): authentication failure; logname= uid=0 euid=0 tty=ssh ruser= rhost=14.181.8.32
Jan 31 07:26:06 psimulator sshd[5854]: Failed password for invalid user MikroTik from 14.181.8.32 port 56822 ssh2
Jan 31 07:26:07 psimulator sshd[5854]: Connection closed by invalid user MikroTik 14.181.8.32 port 56822 [preauth]
Jan 31 07:26:09 psimulator sshd[5857]: pam_unix(sshd:auth): authentication failure; logname= uid=0 euid=0 tty=ssh ruser= rhost=51.15.179.65  user=root
Jan 31 07:26:10 psimulator sshd[5857]: Failed password for root from 51.15.179.65 port 49618 ssh2
Jan 31 07:26:11 psimulator sshd[5857]: Received disconnect from 51.15.179.65 port 49618:11: Bye Bye [preauth]
Jan 31 07:26:11 psimulator sshd[5857]: Disconnected from authenticating user root 51.15.179.65 port 49618 [preauth]
Jan 31 07:26:11 psimulator sshd[5860]: Invalid user MikroTik from 14.181.8.32 port 57781
Jan 31 07:26:11 psimulator sshd[5859]: pam_unix(sshd:auth): authentication failure; logname= uid=0 euid=0 tty=ssh ruser= rhost=47.50.246.114  user=root
Jan 31 07:26:11 psimulator sshd[5860]: pam_unix(sshd:auth): check pass; user unknown
Jan 31 07:26:11 psimulator sshd[5860]: pam_unix(sshd:auth): authentication failure; logname= uid=0 euid=0 tty=ssh ruser= rhost=14.181.8.32
Jan 31 07:26:13 psimulator sshd[5861]: pam_unix(sshd:auth): authentication failure; logname= uid=0 euid=0 tty=ssh ruser= rhost=51.79.55.141  user=root
Jan 31 07:26:13 psimulator sshd[5859]: Failed password for root from 47.50.246.114 port 37282 ssh2
Jan 31 07:26:13 psimulator sshd[5860]: Failed password for invalid user MikroTik from 14.181.8.32 port 57781 ssh2
Jan 31 07:26:13 psimulator sshd[5859]: Received disconnect from 47.50.246.114 port 37282:11: Bye Bye [preauth]
Jan 31 07:26:13 psimulator sshd[5859]: Disconnected from authenticating user root 47.50.246.114 port 37282 [preauth]
Jan 31 07:26:13 psimulator sshd[5860]: Connection closed by invalid user MikroTik 14.181.8.32 port 57781 [preauth]
Jan 31 07:26:14 psimulator sshd[5866]: pam_unix(sshd:auth): authentication failure; logname= uid=0 euid=0 tty=ssh ruser= rhost=152.32.145.9  user=root
Jan 31 07:26:15 psimulator sshd[5861]: Failed password for root from 51.79.55.141 port 48280 ssh2
Jan 31 07:26:15 psimulator sshd[5861]: Received disconnect from 51.79.55.141 port 48280:11: Bye Bye [preauth]
Jan 31 07:26:15 psimulator sshd[5861]: Disconnected from authenticating user root 51.79.55.141 port 48280 [preauth]
Jan 31 07:26:16 psimulator sshd[5866]: Failed password for root from 152.32.145.9 port 45738 ssh2
Jan 31 07:26:16 psimulator sshd[5866]: Received disconnect from 152.32.145.9 port 45738:11: Bye Bye [preauth]
Jan 31 07:26:16 psimulator sshd[5866]: Disconnected from authenticating user root 152.32.145.9 port 45738 [preauth]
Jan 31 07:26:18 psimulator sshd[5869]: Invalid user MikroTik from 14.181.8.32 port 58742
Jan 31 07:26:18 psimulator sshd[5869]: pam_unix(sshd:auth): check pass; user unknown
Jan 31 07:26:18 psimulator sshd[5869]: pam_unix(sshd:auth): authentication failure; logname= uid=0 euid=0 tty=ssh ruser= rhost=14.181.8.32
Jan 31 07:26:20 psimulator sshd[5871]: Invalid user Pa$$w0rd!@# from 119.45.184.52 port 47406
Jan 31 07:26:20 psimulator sshd[5871]: pam_unix(sshd:auth): check pass; user unknown
Jan 31 07:26:20 psimulator sshd[5871]: pam_unix(sshd:auth): authentication failure; logname= uid=0 euid=0 tty=ssh ruser= rhost=119.45.184.52
Jan 31 07:26:20 psimulator sshd[5869]: Failed password for invalid user MikroTik from 14.181.8.32 port 58742 ssh2
Jan 31 07:26:21 psimulator sshd[5869]: Connection closed by invalid user MikroTik 14.181.8.32 port 58742 [preauth]
Jan 31 07:26:22 psimulator sshd[5871]: Failed password for invalid user Pa$$w0rd!@# from 119.45.184.52 port 47406 ssh2
Jan 31 07:26:22 psimulator sshd[5871]: Received disconnect from 119.45.184.52 port 47406:11: Bye Bye [preauth]
Jan 31 07:26:22 psimulator sshd[5871]: Disconnected from invalid user Pa$$w0rd!@# 119.45.184.52 port 47406 [preauth]
Jan 31 07:26:25 psimulator sshd[5874]: Invalid user MikroTik from 14.181.8.32 port 59448
Jan 31 07:26:25 psimulator sshd[5874]: pam_unix(sshd:auth): check pass; user unknown
Jan 31 07:26:25 psimulator sshd[5874]: pam_unix(sshd:auth): authentication failure; logname= uid=0 euid=0 tty=ssh ruser= rhost=14.181.8.32
Jan 31 07:26:27 psimulator sshd[5874]: Failed password for invalid user MikroTik from 14.181.8.32 port 59448 ssh2
Jan 31 07:26:28 psimulator sshd[5874]: Connection closed by invalid user MikroTik 14.181.8.32 port 59448 [preauth]
Jan 31 07:26:31 psimulator sshd[5877]: pam_unix(sshd:auth): authentication failure; logname= uid=0 euid=0 tty=ssh ruser= rhost=47.50.246.114  user=root
Jan 31 07:26:32 psimulator sshd[5879]: Invalid user MikroTik from 14.181.8.32 port 60392
Jan 31 07:26:32 psimulator sshd[5879]: pam_unix(sshd:auth): check pass; user unknown
Jan 31 07:26:32 psimulator sshd[5879]: pam_unix(sshd:auth): authentication failure; logname= uid=0 euid=0 tty=ssh ruser= rhost=14.181.8.32
Jan 31 07:26:33 psimulator sshd[5877]: Failed password for root from 47.50.246.114 port 39376 ssh2
Jan 31 07:26:33 psimulator sshd[5877]: Received disconnect from 47.50.246.114 port 39376:11: Bye Bye [preauth]
Jan 31 07:26:33 psimulator sshd[5877]: Disconnected from authenticating user root 47.50.246.114 port 39376 [preauth]
Jan 31 07:26:34 psimulator sshd[5879]: Failed password for invalid user MikroTik from 14.181.8.32 port 60392 ssh2
