Jan 31 07:31:46 psimulator sshd[6134]: pam_unix(sshd:auth): authentication failure; logname= uid=0 euid=0 tty=ssh ruser= rhost=14.181.8.32
Jan 31 07:31:47 psimulator sshd[6130]: Failed password for root from 144.34.240.47 port 50384 ssh2
Jan 31 07:31:47 psimulator sshd[6130]: Received disconnect from 144.34.240.47 port 50384:11: Bye Bye [preauth]
Jan 31 07:31:47 psimulator sshd[6130]: Disconnected from authenticating user root 144.34.240.47 port 50384 [preauth]
Jan 31 07:31:48 psimulator sshd[6134]: Failed password for invalid user admin1 from 14.181.8.32 port 50370 ssh2
Jan 31 07:31:48 psimulator sshd[6134]: Connection closed by invalid user admin1 14.181.8.32 port 50370 [preauth]
Jan 31 07:31:50 psimulator sshd[6132]: pam_unix(sshd:auth): authentication failure; logname= uid=0 euid=0 tty=ssh ruser= rhost=162.243.18.87  user=root
Jan 31 07:31:52 psimulator sshd[6132]: Failed password for root from 162.243.18.87 port 36641 ssh2
Jan 31 07:31:52 psimulator sshd[6132]: Received disconnect from 162.243.18.87 port 36641:11: Bye Bye [preauth]
Jan 31 07:31:52 psimulator sshd[6132]: Disconnected from authenticating user root 162.243.18.87 port 36641 [preauth]
Jan 31 07:31:53 psimulator sshd[6137]: Invalid user admin1 from 14.181.8.32 port 51325
Jan 31 07:31:53 psimulator sshd[6137]: pam_unix(sshd:auth): check pass; user unknown
Jan 31 07:31:53 psimulator sshd[6137]: pam_unix(sshd:auth): authentication failure; logname= uid=0 euid=0 tty=ssh ruser= rhost=14.181.8.32
Jan 31 07:31:54 psimulator sshd[6140]: pam_unix(sshd:auth): authentication failure; logname= uid=0 euid=0 tty=ssh ruser= rhost=51.254.32.102  user=root
Jan 31 07:31:55 psimulator sshd[6137]: Failed password for invalid user admin1 from 14.181.8.32 port 51325 ssh2
Jan 31 07:31:55 psimulator sshd[6137]: Connection closed by invalid user admin1 14.181.8.32 port 51325 [preauth]
Jan 31 07:31:56 psimulator sshd[6140]: Failed password for root from 51.254.32.102 port 40840 ssh2
Jan 31 07:31:56 psimulator sshd[6140]: Received disconnect from 51.254.32.102 port 40840:11: Bye Bye [preauth]
Jan 31 07:31:56 psimulator sshd[6140]: Disconnected from authenticating user root 51.254.32.102 port 40840 [preauth]
Jan 31 07:31:58 psimulator sshd[6142]: pam_unix(sshd:auth): authentication failure; logname= uid=0 euid=0 tty=ssh ruser= rhost=47.50.246.114  user=root
Jan 31 07:31:59 psimulator sshd[6144]: Invalid user admin1 from 14.181.8.32 port 52178
Jan 31 07:31:59 psimulator sshd[6144]: pam_unix(sshd:auth): check pass; user unknown
Jan 31 07:31:59 psimulator sshd[6144]: pam_unix(sshd:auth): authentication failure; logname= uid=0 euid=0 tty=ssh ruser= rhost=14.181.8.32
Jan 31 07:32:00 psimulator sshd[6142]: Failed password for root from 47.50.246.114 port 44634 ssh2
Jan 31 07:32:00 psimulator sshd[6142]: Received disconnect from 47.50.246.114 port 44634:11: Bye Bye [preauth]
Jan 31 07:32:00 psimulator sshd[6142]: Disconnected from authenticating user root 47.50.246.114 port 44634 [preauth]
Jan 31 07:32:01 psimulator sshd[6144]: Failed password for invalid user admin1 from 14.181.8.32 port 52178 ssh2
Jan 31 07:32:01 psimulator sshd[6144]: Connection closed by invalid user admin1 14.181.8.32 port 52178 [preauth]
Jan 31 07:32:06 psimulator sshd[6148]: Invalid user admin1 from 14.181.8.32 port 52975
Jan 31 07:32:06 psimulator sshd[6148]: pam_unix(sshd:auth): check pass; user unknown
Jan 31 07:32:06 psimulator sshd[6148]: pam_unix(sshd:auth): authentication failure; logname= uid=0 euid=0 tty=ssh ruser= rhost=14.181.8.32
Jan 31 07:32:08 psimulator sshd[6148]: Failed password for invalid user admin1 from 14.181.8.32 port 52975 ssh2
Jan 31 07:32:08 psimulator sshd[6148]: Connection closed by invalid user admin1 14.181.8.32 port 52975 [preauth]
Jan 31 07:32:12 psimulator sshd[6150]: pam_unix(sshd:auth): authentication failure; logname= uid=0 euid=0 tty=ssh ruser= rhost=51.79.55.141  user=root
Jan 31 07:32:13 psimulator sshd[6153]: Invalid user admin1 from 14.181.8.32 port 53949
Jan 31 07:32:13 psimulator sshd[6153]: pam_unix(sshd:auth): check pass; user unknown
Jan 31 07:32:13 psimulator sshd[6153]: pam_unix(sshd:auth): authentication failure; logname= uid=0 euid=0 tty=ssh ruser= rhost=14.181.8.32
Jan 31 07:32:14 psimulator sshd[6150]: Failed password for root from 51.79.55.141 port 44860 ssh2
Jan 31 07:32:14 psimulator sshd[6150]: Received disconnect from 51.79.55.141 port 44860:11: Bye Bye [preauth]
Jan 31 07:32:14 psimulator sshd[6150]: Disconnected from authenticating user root 51.79.55.141 port 44860 [preauth]
Jan 31 07:32:15 psimulator sshd[6153]: Failed password for invalid user admin1 from 14.181.8.32 port 53949 ssh2
Jan 31 07:32:15 psimulator sshd[6153]: Connection closed by invalid user admin1 14.181.8.32 port 53949 [preauth]
Jan 31 07:32:19 psimulator sshd[6156]: pam_unix(sshd:auth): authentication failure; logname= uid=0 euid=0 tty=ssh ruser= rhost=47.50.246.114  user=root
Jan 31 07:32:20 psimulator sshd[6158]: Invalid user admin1 from 14.181.8.32 port 54652
Jan 31 07:32:20 psimulator sshd[6158]: pam_unix(sshd:auth): check pass; user unknown
Jan 31 07:32:20 psimulator sshd[6158]: pam_unix(sshd:auth): authentication failure; logname= uid=0 euid=0 tty=ssh ruser= rhost=14.181.8.32
Jan 31 07:32:21 psimulator sshd[6156]: Failed password for root from 47.50.246.114 port 46728 ssh2
Jan 31 07:32:22 psimulator sshd[6156]: Received disconnect from 47.50.246.114 port 46728:11: Bye Bye [preauth]
Jan 31 07:32:22 psimulator sshd[6156]: Disconnected from authenticating user root 47.50.246.114 port 46728 [preauth]
Jan 31 07:32:22 psimulator sshd[6158]: Failed password for invalid user admin1 from 14.181.8.32 port 54652 ssh2
Jan 31 07:32:22 psimulator sshd[6158]: Connection closed by invalid user admin1 14.181.8.32 port 54652 [preauth]
Jan 31 07:32:25 psimulator sshd[6160]: pam_unix(sshd:auth): authentication failure; logname= uid=0 euid=0 tty=ssh ruser= rhost=104.236.35.211  user=root
Jan 31 07:32:26 psimulator sshd[6163]: Invalid user admin1 from 14.181.8.32 port 55527
Jan 31 07:32:27 psimulator sshd[6163]: pam_unix(sshd:auth): check pass; user unknown
Jan 31 07:32:27 psimulator sshd[6163]: pam_unix(sshd:auth): authentication failure; logname= uid=0 euid=0 tty=ssh ruser= rhost=14.181.8.32
Jan 31 07:32:27 psimulator sshd[6160]: Failed password for root from 104.236.35.211 port 43628 ssh2
Jan 31 07:32:28 psimulator sshd[6160]: Received disconnect from 104.236.35.211 port 43628:11: Bye Bye [preauth]
Jan 31 07:32:28 psimulator sshd[6160]: Disconnected from authenticating user root 104.236.35.211 port 43628 [preauth]
Jan 31 07:32:28 psimulator sshd[6163]: Failed password for invalid user admin1 from 14.181.8.32 port 55527 ssh2
Jan 31 07:32:28 psimulator sshd[6163]: Connection closed by invalid user admin1 14.181.8.32 port 55527 [preauth]
Jan 31 07:32:32 psimulator sshd[6166]: pam_unix(sshd:auth): authentication failure; logname= uid=0 euid=0 tty=ssh ruser= rhost=50.75.7.82  user=root
Jan 31 07:32:33 psimulator sshd[6168]: Invalid user admin1 from 14.181.8.32 port 56261
Jan 31 07:32:33 psimulator sshd[6168]: pam_unix(sshd:auth): check pass; user unknown
Jan 31 07:32:33 psimulator sshd[6168]: pam_unix(sshd:auth): authentication failure; logname= uid=0 euid=0 tty=ssh ruser= rhost=14.181.8.32
Jan 31 07:32:34 psimulator sshd[6166]: Failed password for root from 50.75.7.82 port 39814 ssh2
Jan 31 07:32:34 psimulator sshd[6166]: Received disconnect from 50.75.7.82 port 39814:11: Bye Bye [preauth]
Jan 31 07:32:34 psimulator sshd[6166]: Disconnected from authenticating user root 50.75.7.82 port 39814 [preauth]
Jan 31 07:32:35 psimulator sshd[6168]: Failed password for invalid user admin1 from 14.181.8.32 port 56261 ssh2
Jan 31 07:32:35 psimulator sshd[6168]: Connection closed by invalid user admin1 14.181.8.32 port 56261 [preauth]
Jan 31 07:32:39 psimulator sshd[6171]: Invalid user admin1 from 14.181.8.32 port 57231
Jan 31 07:32:40 psimulator sshd[6171]: pam_unix(sshd:auth): check pass; user unknown
Jan 31 07:32:40 psimulator sshd[6171]: pam_unix(sshd:auth): authentication failure; logname= uid=0 euid=0 tty=ssh ruser= rhost=14.181.8.32
Jan 31 07:32:41 psimulator sshd[6173]: pam_unix(sshd:auth): authentication failure; logname= uid=0 euid=0 tty=ssh ruser= rhost=47.50.246.114  user=root
Jan 31 07:32:42 psimulator sshd[6171]: Failed password for invalid user admin1 from 14.181.8.32 port 57231 ssh2
Jan 31 07:32:42 psimulator sshd[6171]: Connection closed by invalid user admin1 14.181.8.32 port 57231 [preauth]
Jan 31 07:32:43 psimulator sshd[6173]: Failed password for root from 47.50.246.114 port 48820 ssh2
Jan 31 07:32:43 psimulator sshd[6173]: Received disconnect from 47.50.246.114 port 48820:11: Bye Bye [preauth]
Jan 31 07:32:43 psimulator sshd[6173]: Disconnected from authenticating user root 47.50.246.114 port 48820 [preauth]
Jan 31 07:32:44 psimulator sshd[6176]: Invalid user info from 119.45.184.52 port 43282
Jan 31 07:32:44 psimulator sshd[6176]: pam_unix(sshd:auth): check pass; user unknown
Jan 31 07:32:44 psimulator sshd[6176]: pam_unix(sshd:auth): authentication failure; logname= uid=0 euid=0 tty=ssh ruser= rhost=119.45.184.52
Jan 31 07:32:46 psimulator sshd[6176]: Failed password for invalid user info from 119.45.184.52 port 43282 ssh2
Jan 31 07:32:46 psimulator sshd[6176]: Received disconnect from 119.45.184.52 port 43282:11: Bye Bye [preauth]
Jan 31 07:32:46 psimulator sshd[6176]: Disconnected from invalid user info 119.45.184.52 port 43282 [preauth]
Jan 31 07:32:46 psimulator sshd[6180]: Invalid user admin1 from 14.181.8.32 port 57939
Jan 31 07:32:46 psimulator sshd[6180]: pam_unix(sshd:auth): check pass; user unknown
Jan 31 07:32:46 psimulator sshd[6180]: pam_unix(sshd:auth): authentication failure; logname= uid=0 euid=0 tty=ssh ruser= rhost=14.181.8.32
Jan 31 07:32:48 psimulator sshd[6180]: Failed password for invalid user admin1 from 14.181.8.32 port 57939 ssh2
Jan 31 07:32:48 psimulator sshd[6180]: Connection closed by invalid user admin1 14.181.8.32 port 57939 [preauth]
Jan 31 07:32:53 psimulator sshd[6183]: Invalid user admin1 from 14.181.8.32 port 58636
Jan 31 07:32:53 psimulator sshd[6185]: pam_unix(sshd:auth): authentication failure; logname= uid=0 euid=0 tty=ssh ruser= rhost=51.77.149.232  user=root
Jan 31 07:32:53 psimulator sshd[6183]: pam_unix(sshd:auth): check pass; user unknown
Jan 31 07:32:53 psimulator sshd[6183]: pam_unix(sshd:auth): authentication failure; logname= uid=0 euid=0 tty=ssh ruser= rhost=14.181.8.32
Jan 31 07:32:55 psimulator sshd[6185]: Failed password for root from 51.77.149.232 port 35466 ssh2
Jan 31 07:32:55 psimulator sshd[6185]: Received disconnect from 51.77.149.232 port 35466:11: Bye Bye [preauth]
Jan 31 07:32:55 psimulator sshd[6185]: Disconnected from authenticating user root 51.77.149.232 port 35466 [preauth]
Jan 31 07:32:55 psimulator sshd[6183]: Failed password for invalid user admin1 from 14.181.8.32 port 58636 ssh2
Jan 31 07:32:55 psimulator sshd[6183]: Connection closed by invalid user admin1 14.181.8.32 port 58636 [preauth]
Jan 31 07:32:59 psimulator sshd[6178]: Connection closed by 167.248.133.53 port 39716 [preauth]
Jan 31 07:32:59 psimulator sshd[6189]: Invalid user admin1 from 14.181.8.32 port 59747
Jan 31 07:33:00 psimulator sshd[6189]: pam_unix(sshd:auth): check pass; user unknown
Jan 31 07:33:00 psimulator sshd[6189]: pam_unix(sshd:auth): authentication failure; logname= uid=0 euid=0 tty=ssh ruser= rhost=14.181.8.32
Jan 31 07:33:02 psimulator sshd[6189]: Failed password for invalid user admin1 from 14.181.8.32 port 59747 ssh2
Jan 31 07:33:02 psimulator sshd[6189]: Connection closed by invalid user admin1 14.181.8.32 port 59747 [preauth]
Jan 31 07:33:04 psimulator sshd[6191]: pam_unix(sshd:auth): authentication failure; logname= uid=0 euid=0 tty=ssh ruser= rhost=51.79.55.141  user=root
Jan 31 07:33:05 psimulator sshd[6193]: pam_unix(sshd:auth): authentication failure; logname= uid=0 euid=0 tty=ssh ruser= rhost=121.121.149.168  user=root
Jan 31 07:33:06 psimulator sshd[6191]: Failed password for root from 51.79.55.141 port 56624 ssh2
Jan 31 07:33:06 psimulator sshd[6191]: Received disconnect from 51.79.55.141 port 56624:11: Bye Bye [preauth]
Jan 31 07:33:06 psimulator sshd[6191]: Disconnected from authenticating user root 51.79.55.141 port 56624 [preauth]
Jan 31 07:33:06 psimulator sshd[6196]: pam_unix(sshd:auth): authentication failure; logname= uid=0 euid=0 tty=ssh ruser= rhost=47.50.246.114  user=root
Jan 31 07:33:07 psimulator sshd[6197]: Invalid user admin1 from 14.181.8.32 port 60526
Jan 31 07:33:07 psimulator sshd[6197]: pam_unix(sshd:auth): check pass; user unknown
Jan 31 07:33:07 psimulator sshd[6197]: pam_unix(sshd:auth): authentication failure; logname= uid=0 euid=0 tty=ssh ruser= rhost=14.181.8.32
Jan 31 07:33:07 psimulator sshd[6193]: Failed password for root from 121.121.149.168 port 4580 ssh2
Jan 31 07:33:07 psimulator sshd[6193]: Received disconnect from 121.121.149.168 port 4580:11: Bye Bye [preauth]
Jan 31 07:33:07 psimulator sshd[6193]: Disconnected from authenticating user root 121.121.149.168 port 4580 [preauth]
Jan 31 07:33:09 psimulator sshd[6200]: pam_unix(sshd:auth): authentication failure; logname= uid=0 euid=0 tty=ssh ruser= rhost=51.254.32.102  user=root
Jan 31 07:33:09 psimulator sshd[6196]: Failed password for root from 47.50.246.114 port 50914 ssh2
Jan 31 07:33:09 psimulator sshd[6197]: Failed password for invalid user admin1 from 14.181.8.32 port 60526 ssh2
Jan 31 07:33:09 psimulator sshd[6196]: Received disconnect from 47.50.246.114 port 50914:11: Bye Bye [preauth]
Jan 31 07:33:09 psimulator sshd[6196]: Disconnected from authenticating user root 47.50.246.114 port 50914 [preauth]
Jan 31 07:33:09 psimulator sshd[6197]: Connection closed by invalid user admin1 14.181.8.32 port 60526 [preauth]
Jan 31 07:33:11 psimulator sshd[6200]: Failed password for root from 51.254.32.102 port 60590 ssh2
Jan 31 07:33:11 psimulator sshd[6200]: Received disconnect from 51.254.32.102 port 60590:11: Bye Bye [preauth]
Jan 31 07:33:11 psimulator sshd[6200]: Disconnected from authenticating user root 51.254.32.102 port 60590 [preauth]
Jan 31 07:33:13 psimulator sshd[6203]: Invalid user admin1 from 14.181.8.32 port 61241
Jan 31 07:33:14 psimulator sshd[6203]: pam_unix(sshd:auth): check pass; user unknown
Jan 31 07:33:14 psimulator sshd[6203]: pam_unix(sshd:auth): authentication failure; logname= uid=0 euid=0 tty=ssh ruser= rhost=14.181.8.32
Jan 31 07:33:16 psimulator sshd[6203]: Failed password for invalid user admin1 from 14.181.8.32 port 61241 ssh2
Jan 31 07:33:16 psimulator sshd[6205]: pam_unix(sshd:auth): authentication failure; logname= uid=0 euid=0 tty=ssh ruser= rhost=51.15.179.65  user=root
Jan 31 07:33:16 psimulator sshd[6203]: Connection closed by invalid user admin1 14.181.8.32 port 61241 [preauth]
Jan 31 07:33:17 psimulator sshd[6205]: Failed password for root from 51.15.179.65 port 46034 ssh2
Jan 31 07:33:17 psimulator sshd[6205]: Received disconnect from 51.15.179.65 port 46034:11: Bye Bye [preauth]
Jan 31 07:33:17 psimulator sshd[6205]: Disconnected from authenticating user root 51.15.179.65 port 46034 [preauth]
Jan 31 07:33:20 psimulator sshd[6208]: pam_unix(sshd:auth): authentication failure; logname= uid=0 euid=0 tty=ssh ruser= rhost=190.131.196.18  user=root
Jan 31 07:33:20 psimulator sshd[6210]: Invalid user admin1 from 14.181.8.32 port 62357
Jan 31 07:33:20 psimulator sshd[6210]: pam_unix(sshd:auth): check pass; user unknown
Jan 31 07:33:20 psimulator sshd[6210]: pam_unix(sshd:auth): authentication failure; logname= uid=0 euid=0 tty=ssh ruser= rhost=14.181.8.32
Jan 31 07:33:22 psimulator sshd[6208]: Failed password for root from 190.131.196.18 port 46299 ssh2
Jan 31 07:33:22 psimulator sshd[6208]: Received disconnect from 190.131.196.18 port 46299:11: Bye Bye [preauth]
Jan 31 07:33:22 psimulator sshd[6208]: Disconnected from authenticating user root 190.131.196.18 port 46299 [preauth]
Jan 31 07:33:22 psimulator sshd[6210]: Failed password for invalid user admin1 from 14.181.8.32 port 62357 ssh2
Jan 31 07:33:23 psimulator sshd[6210]: Connection closed by invalid user admin1 14.181.8.32 port 62357 [preauth]
Jan 31 07:33:26 psimulator sshd[6213]: pam_unix(sshd:auth): authentication failure; logname= uid=0 euid=0 tty=ssh ruser= rhost=47.50.246.114  user=root
Jan 31 07:33:27 psimulator sshd[6215]: Connection closed by authenticating user root 14.181.8.32 port 63154 [preauth]
Jan 31 07:33:28 psimulator sshd[6213]: Failed password for root from 47.50.246.114 port 53004 ssh2
Jan 31 07:33:28 psimulator sshd[6213]: Received disconnect from 47.50.246.114 port 53004:11: Bye Bye [preauth]
Jan 31 07:33:28 psimulator sshd[6213]: Disconnected from authenticating user root 47.50.246.114 port 53004 [preauth]
Jan 31 07:33:32 psimulator sshd[6218]: pam_unix(sshd:auth): authentication failure; logname= uid=0 euid=0 tty=ssh ruser= rhost=14.181.8.32  user=root
Jan 31 07:33:34 psimulator sshd[6218]: Failed password for root from 14.181.8.32 port 63571 ssh2
Jan 31 07:33:34 psimulator sshd[6218]: Connection closed by authenticating user root 14.181.8.32 port 63571 [preauth]
Jan 31 07:33:39 psimulator sshd[6221]: pam_unix(sshd:auth): authentication failure; logname= uid=0 euid=0 tty=ssh ruser= rhost=14.181.8.32  user=root
Jan 31 07:33:41 psimulator sshd[6221]: Failed password for root from 14.181.8.32 port 64701 ssh2
Jan 31 07:33:41 psimulator sshd[6221]: Connection closed by authenticating user root 14.181.8.32 port 64701 [preauth]
Jan 31 07:33:44 psimulator sshd[6228]: pam_unix(sshd:auth): authentication failure; logname= uid=0 euid=0 tty=ssh ruser= rhost=47.50.246.114  user=root
Jan 31 07:33:44 psimulator sshd[6230]: pam_unix(sshd:auth): authentication failure; logname= uid=0 euid=0 tty=ssh ruser= rhost=51.15.136.191  user=root
Jan 31 07:33:45 psimulator sshd[6226]: pam_unix(sshd:auth): authentication failure; logname= uid=0 euid=0 tty=ssh ruser= rhost=165.227.75.135  user=root
Jan 31 07:33:46 psimulator sshd[6228]: Failed password for root from 47.50.246.114 port 55100 ssh2
Jan 31 07:33:46 psimulator sshd[6228]: Received disconnect from 47.50.246.114 port 55100:11: Bye Bye [preauth]
Jan 31 07:33:46 psimulator sshd[6228]: Disconnected from authenticating user root 47.50.246.114 port 55100 [preauth]
Jan 31 07:33:46 psimulator sshd[6232]: pam_unix(sshd:auth): authentication failure; logname= uid=0 euid=0 tty=ssh ruser= rhost=14.181.8.32  user=root
Jan 31 07:33:46 psimulator sshd[6230]: Failed password for root from 51.15.136.191 port 33506 ssh2
Jan 31 07:33:46 psimulator sshd[6230]: Received disconnect from 51.15.136.191 port 33506:11: Bye Bye [preauth]
Jan 31 07:33:46 psimulator sshd[6230]: Disconnected from authenticating user root 51.15.136.191 port 33506 [preauth]
Jan 31 07:33:47 psimulator sshd[6224]: pam_unix(sshd:auth): authentication failure; logname= uid=0 euid=0 tty=ssh ruser= rhost=162.243.18.87  user=root
Jan 31 07:33:47 psimulator sshd[6226]: Failed password for root from 165.227.75.135 port 52428 ssh2
Jan 31 07:33:47 psimulator sshd[6226]: Received disconnect from 165.227.75.135 port 52428:11: Bye Bye [preauth]
Jan 31 07:33:47 psimulator sshd[6226]: Disconnected from authenticating user root 165.227.75.135 port 52428 [preauth]
Jan 31 07:33:48 psimulator sshd[6232]: Failed password for root from 14.181.8.32 port 65466 ssh2
Jan 31 07:33:48 psimulator sshd[6232]: Connection closed by authenticating user root 14.181.8.32 port 65466 [preauth]
Jan 31 07:33:49 psimulator sshd[6224]: Failed password for root from 162.243.18.87 port 45619 ssh2
Jan 31 07:33:49 psimulator sshd[6224]: Received disconnect from 162.243.18.87 port 45619:11: Bye Bye [preauth]
Jan 31 07:33:49 psimulator sshd[6224]: Disconnected from authenticating user root 162.243.18.87 port 45619 [preauth]
Jan 31 07:33:53 psimulator sshd[6236]: pam_unix(sshd:auth): authentication failure; logname= uid=0 euid=0 tty=ssh ruser= rhost=14.181.8.32  user=root
Jan 31 07:33:55 psimulator sshd[6236]: Failed password for root from 14.181.8.32 port 49810 ssh2
Jan 31 07:33:55 psimulator sshd[6236]: Connection closed by authenticating user root 14.181.8.32 port 49810 [preauth]
Jan 31 07:33:55 psimulator sshd[6239]: pam_unix(sshd:auth): authentication failure; logname= uid=0 euid=0 tty=ssh ruser= rhost=51.79.55.141  user=root
Jan 31 07:33:58 psimulator sshd[6239]: Failed password for root from 51.79.55.141 port 39958 ssh2
Jan 31 07:33:58 psimulator sshd[6239]: Received disconnect from 51.79.55.141 port 39958:11: Bye Bye [preauth]
Jan 31 07:33:58 psimulator sshd[6239]: Disconnected from authenticating user root 51.79.55.141 port 39958 [preauth]
Jan 31 07:34:00 psimulator sshd[6241]: pam_unix(sshd:auth): authentication failure; logname= uid=0 euid=0 tty=ssh ruser= rhost=14.181.8.32  user=root
Jan 31 07:34:02 psimulator sshd[6241]: Failed password for root from 14.181.8.32 port 50927 ssh2
Jan 31 07:34:02 psimulator sshd[6241]: Connection closed by authenticating user root 14.181.8.32 port 50927 [preauth]
Jan 31 07:34:04 psimulator sshd[6244]: pam_unix(sshd:auth): authentication failure; logname= uid=0 euid=0 tty=ssh ruser= rhost=47.50.246.114  user=root
Jan 31 07:34:06 psimulator sshd[6244]: Failed password for root from 47.50.246.114 port 57196 ssh2
Jan 31 07:34:06 psimulator sshd[6244]: Received disconnect from 47.50.246.114 port 57196:11: Bye Bye [preauth]
Jan 31 07:34:06 psimulator sshd[6244]: Disconnected from authenticating user root 47.50.246.114 port 57196 [preauth]
Jan 31 07:34:07 psimulator sshd[6247]: pam_unix(sshd:auth): authentication failure; logname= uid=0 euid=0 tty=ssh ruser= rhost=14.181.8.32  user=root
Jan 31 07:34:10 psimulator sshd[6247]: Failed password for root from 14.181.8.32 port 51740 ssh2
Jan 31 07:34:10 psimulator sshd[6247]: Connection closed by authenticating user root 14.181.8.32 port 51740 [preauth]
Jan 31 07:34:14 psimulator sshd[6250]: pam_unix(sshd:auth): authentication failure; logname= uid=0 euid=0 tty=ssh ruser= rhost=14.181.8.32  user=root
Jan 31 07:34:16 psimulator sshd[6250]: Failed password for root from 14.181.8.32 port 52586 ssh2
Jan 31 07:34:17 psimulator sshd[6252]: Invalid user Pass#6tfc from 119.45.184.52 port 56366
Jan 31 07:34:17 psimulator sshd[6252]: pam_unix(sshd:auth): check pass; user unknown
Jan 31 07:34:17 psimulator sshd[6252]: pam_unix(sshd:auth): authentication failure; logname= uid=0 euid=0 tty=ssh ruser= rhost=119.45.184.52
Jan 31 07:34:17 psimulator sshd[6250]: Connection closed by authenticating user root 14.181.8.32 port 52586 [preauth]
Jan 31 07:34:18 psimulator sshd[6252]: Failed password for invalid user Pass#6tfc from 119.45.184.52 port 56366 ssh2
Jan 31 07:34:19 psimulator sshd[6252]: Received disconnect from 119.45.184.52 port 56366:11: Bye Bye [preauth]
Jan 31 07:34:19 psimulator sshd[6252]: Disconnected from invalid user Pass#6tfc 119.45.184.52 port 56366 [preauth]
Jan 31 07:34:21 psimulator sshd[6255]: pam_unix(sshd:auth): authentication failure; logname= uid=0 euid=0 tty=ssh ruser= rhost=14.181.8.32  user=root
Jan 31 07:34:22 psimulator sshd[6257]: pam_unix(sshd:auth): authentication failure; logname= uid=0 euid=0 tty=ssh ruser= rhost=47.50.246.114  user=root
Jan 31 07:34:23 psimulator sshd[6255]: Failed password for root from 14.181.8.32 port 53657 ssh2
Jan 31 07:34:23 psimulator sshd[6255]: Connection closed by authenticating user root 14.181.8.32 port 53657 [preauth]
Jan 31 07:34:24 psimulator sshd[6257]: Failed password for root from 47.50.246.114 port 59288 ssh2
Jan 31 07:34:24 psimulator sshd[6257]: Received disconnect from 47.50.246.114 port 59288:11: Bye Bye [preauth]
Jan 31 07:34:24 psimulator sshd[6257]: Disconnected from authenticating user root 47.50.246.114 port 59288 [preauth]
Jan 31 07:34:27 psimulator sshd[6262]: pam_unix(sshd:auth): authentication failure; logname= uid=0 euid=0 tty=ssh ruser= rhost=51.254.32.102  user=root
Jan 31 07:34:28 psimulator sshd[6260]: pam_unix(sshd:auth): authentication failure; logname= uid=0 euid=0 tty=ssh ruser= rhost=14.181.8.32  user=root
Jan 31 07:34:28 psimulator sshd[6264]: pam_unix(sshd:auth): authentication failure; logname= uid=0 euid=0 tty=ssh ruser= rhost=51.77.149.232  user=root
Jan 31 07:34:29 psimulator sshd[6262]: Failed password for root from 51.254.32.102 port 52106 ssh2
Jan 31 07:34:29 psimulator sshd[6262]: Received disconnect from 51.254.32.102 port 52106:11: Bye Bye [preauth]
Jan 31 07:34:29 psimulator sshd[6262]: Disconnected from authenticating user root 51.254.32.102 port 52106 [preauth]
Jan 31 07:34:30 psimulator sshd[6260]: Failed password for root from 14.181.8.32 port 54371 ssh2
Jan 31 07:34:30 psimulator sshd[6264]: Failed password for root from 51.77.149.232 port 33168 ssh2
Jan 31 07:34:30 psimulator sshd[6264]: Received disconnect from 51.77.149.232 port 33168:11: Bye Bye [preauth]
Jan 31 07:34:30 psimulator sshd[6264]: Disconnected from authenticating user root 51.77.149.232 port 33168 [preauth]
Jan 31 07:34:30 psimulator sshd[6260]: Connection closed by authenticating user root 14.181.8.32 port 54371 [preauth]
Jan 31 07:34:35 psimulator sshd[6267]: pam_unix(sshd:auth): authentication failure; logname= uid=0 euid=0 tty=ssh ruser= rhost=14.181.8.32  user=root
Jan 31 07:34:37 psimulator sshd[6267]: Failed password for root from 14.181.8.32 port 55062 ssh2
Jan 31 07:34:37 psimulator sshd[6267]: Connection closed by authenticating user root 14.181.8.32 port 55062 [preauth]
Jan 31 07:34:42 psimulator sshd[6271]: pam_unix(sshd:auth): authentication failure; logname= uid=0 euid=0 tty=ssh ruser= rhost=14.181.8.32  user=root
Jan 31 07:34:44 psimulator sshd[6273]: pam_unix(sshd:auth): authentication failure; logname= uid=0 euid=0 tty=ssh ruser= rhost=47.50.246.114  user=root
Jan 31 07:34:44 psimulator sshd[6275]: pam_unix(sshd:auth): authentication failure; logname= uid=0 euid=0 tty=ssh ruser= rhost=104.236.35.211  user=root
Jan 31 07:34:44 psimulator sshd[6271]: Failed password for root from 14.181.8.32 port 56185 ssh2
Jan 31 07:34:44 psimulator sshd[6271]: Connection closed by authenticating user root 14.181.8.32 port 56185 [preauth]
Jan 31 07:34:45 psimulator sshd[6273]: Failed password for root from 47.50.246.114 port 33146 ssh2
Jan 31 07:34:45 psimulator sshd[6277]: pam_unix(sshd:auth): authentication failure; logname= uid=0 euid=0 tty=ssh ruser= rhost=51.79.55.141  user=root
Jan 31 07:34:45 psimulator sshd[6273]: Received disconnect from 47.50.246.114 port 33146:11: Bye Bye [preauth]
Jan 31 07:34:45 psimulator sshd[6273]: Disconnected from authenticating user root 47.50.246.114 port 33146 [preauth]
Jan 31 07:34:46 psimulator sshd[6275]: Failed password for root from 104.236.35.211 port 42130 ssh2
Jan 31 07:34:46 psimulator sshd[6275]: Received disconnect from 104.236.35.211 port 42130:11: Bye Bye [preauth]
Jan 31 07:34:46 psimulator sshd[6275]: Disconnected from authenticating user root 104.236.35.211 port 42130 [preauth]
Jan 31 07:34:48 psimulator sshd[6277]: Failed password for root from 51.79.55.141 port 51632 ssh2
Jan 31 07:34:48 psimulator sshd[6277]: Received disconnect from 51.79.55.141 port 51632:11: Bye Bye [preauth]
Jan 31 07:34:48 psimulator sshd[6277]: Disconnected from authenticating user root 51.79.55.141 port 51632 [preauth]
Jan 31 07:34:49 psimulator sshd[6280]: pam_unix(sshd:auth): authentication failure; logname= uid=0 euid=0 tty=ssh ruser= rhost=14.181.8.32  user=root
Jan 31 07:34:51 psimulator sshd[6280]: Failed password for root from 14.181.8.32 port 56980 ssh2
Jan 31 07:34:51 psimulator sshd[6280]: Connection closed by authenticating user root 14.181.8.32 port 56980 [preauth]
Jan 31 07:34:56 psimulator sshd[6283]: pam_unix(sshd:auth): authentication failure; logname= uid=0 euid=0 tty=ssh ruser= rhost=14.181.8.32  user=root
Jan 31 07:34:58 psimulator sshd[6283]: Failed password for root from 14.181.8.32 port 57685 ssh2
Jan 31 07:34:58 psimulator sshd[6283]: Connection closed by authenticating user root 14.181.8.32 port 57685 [preauth]
Jan 31 07:35:01 psimulator CRON[6286]: pam_unix(cron:session): session opened for user root by (uid=0)
Jan 31 07:35:01 psimulator CRON[6286]: pam_unix(cron:session): session closed for user root
Jan 31 07:35:03 psimulator sshd[6289]: pam_unix(sshd:auth): authentication failure; logname= uid=0 euid=0 tty=ssh ruser= rhost=14.181.8.32  user=root
Jan 31 07:35:05 psimulator sshd[6289]: Failed password for root from 14.181.8.32 port 58761 ssh2
Jan 31 07:35:05 psimulator sshd[6289]: Connection closed by authenticating user root 14.181.8.32 port 58761 [preauth]
Jan 31 07:35:07 psimulator sshd[6292]: pam_unix(sshd:auth): authentication failure; logname= uid=0 euid=0 tty=ssh ruser= rhost=47.50.246.114  user=root
Jan 31 07:35:09 psimulator sshd[6296]: pam_unix(sshd:auth): authentication failure; logname= uid=0 euid=0 tty=ssh ruser= rhost=50.75.7.82  user=root
Jan 31 07:35:09 psimulator sshd[6294]: pam_unix(sshd:auth): authentication failure; logname= uid=0 euid=0 tty=ssh ruser= rhost=14.181.8.32  user=root
Jan 31 07:35:10 psimulator sshd[6292]: Failed password for root from 47.50.246.114 port 35238 ssh2
Jan 31 07:35:10 psimulator sshd[6292]: Received disconnect from 47.50.246.114 port 35238:11: Bye Bye [preauth]
Jan 31 07:35:10 psimulator sshd[6292]: Disconnected from authenticating user root 47.50.246.114 port 35238 [preauth]
Jan 31 07:35:11 psimulator sshd[6296]: Failed password for root from 50.75.7.82 port 54470 ssh2
Jan 31 07:35:12 psimulator sshd[6294]: Failed password for root from 14.181.8.32 port 59582 ssh2
Jan 31 07:35:12 psimulator sshd[6296]: Received disconnect from 50.75.7.82 port 54470:11: Bye Bye [preauth]
Jan 31 07:35:12 psimulator sshd[6296]: Disconnected from authenticating user root 50.75.7.82 port 54470 [preauth]
Jan 31 07:35:12 psimulator sshd[6294]: Connection closed by authenticating user root 14.181.8.32 port 59582 [preauth]
Jan 31 07:35:16 psimulator sshd[6299]: pam_unix(sshd:auth): authentication failure; logname= uid=0 euid=0 tty=ssh ruser= rhost=14.181.8.32  user=root
Jan 31 07:35:19 psimulator sshd[6299]: Failed password for root from 14.181.8.32 port 60290 ssh2
Jan 31 07:35:19 psimulator sshd[6299]: Connection closed by authenticating user root 14.181.8.32 port 60290 [preauth]
Jan 31 07:35:24 psimulator sshd[6303]: pam_unix(sshd:auth): authentication failure; logname= uid=0 euid=0 tty=ssh ruser= rhost=14.181.8.32  user=root
Jan 31 07:35:25 psimulator sshd[6303]: Failed password for root from 14.181.8.32 port 61410 ssh2
Jan 31 07:35:25 psimulator sshd[6303]: Connection closed by authenticating user root 14.181.8.32 port 61410 [preauth]
Jan 31 07:35:27 psimulator sshd[6305]: pam_unix(sshd:auth): authentication failure; logname= uid=0 euid=0 tty=ssh ruser= rhost=47.50.246.114  user=root
Jan 31 07:35:29 psimulator sshd[6305]: Failed password for root from 47.50.246.114 port 37334 ssh2
Jan 31 07:35:29 psimulator sshd[6305]: Received disconnect from 47.50.246.114 port 37334:11: Bye Bye [preauth]
Jan 31 07:35:29 psimulator sshd[6305]: Disconnected from authenticating user root 47.50.246.114 port 37334 [preauth]
Jan 31 07:35:30 psimulator sshd[6308]: pam_unix(sshd:auth): authentication failure; logname= uid=0 euid=0 tty=ssh ruser= rhost=14.181.8.32  user=root
Jan 31 07:35:32 psimulator sshd[6308]: Failed password for root from 14.181.8.32 port 62139 ssh2
Jan 31 07:35:32 psimulator sshd[6308]: Connection closed by authenticating user root 14.181.8.32 port 62139 [preauth]
Jan 31 07:35:37 psimulator sshd[6311]: pam_unix(sshd:auth): authentication failure; logname= uid=0 euid=0 tty=ssh ruser= rhost=14.181.8.32  user=root
Jan 31 07:35:38 psimulator sshd[6313]: pam_unix(sshd:auth): authentication failure; logname= uid=0 euid=0 tty=ssh ruser= rhost=51.79.55.141  user=root
Jan 31 07:35:38 psimulator sshd[6315]: pam_unix(sshd:auth): authentication failure; logname= uid=0 euid=0 tty=ssh ruser= rhost=51.15.179.65  user=root
Jan 31 07:35:39 psimulator sshd[6311]: Failed password for root from 14.181.8.32 port 62908 ssh2
Jan 31 07:35:39 psimulator sshd[6311]: Connection closed by authenticating user root 14.181.8.32 port 62908 [preauth]
Jan 31 07:35:40 psimulator sshd[6313]: Failed password for root from 51.79.55.141 port 35132 ssh2
Jan 31 07:35:40 psimulator sshd[6313]: Received disconnect from 51.79.55.141 port 35132:11: Bye Bye [preauth]
Jan 31 07:35:40 psimulator sshd[6313]: Disconnected from authenticating user root 51.79.55.141 port 35132 [preauth]
Jan 31 07:35:40 psimulator sshd[6317]: pam_unix(sshd:auth): authentication failure; logname= uid=0 euid=0 tty=ssh ruser= rhost=162.243.18.87  user=root
Jan 31 07:35:40 psimulator sshd[6315]: Failed password for root from 51.15.179.65 port 44840 ssh2
Jan 31 07:35:40 psimulator sshd[6315]: Received disconnect from 51.15.179.65 port 44840:11: Bye Bye [preauth]
Jan 31 07:35:40 psimulator sshd[6315]: Disconnected from authenticating user root 51.15.179.65 port 44840 [preauth]
Jan 31 07:35:41 psimulator sshd[6320]: pam_unix(sshd:auth): authentication failure; logname= uid=0 euid=0 tty=ssh ruser= rhost=51.254.32.102  user=root
Jan 31 07:35:42 psimulator sshd[6317]: Failed password for root from 162.243.18.87 port 54600 ssh2
Jan 31 07:35:42 psimulator sshd[6317]: Received disconnect from 162.243.18.87 port 54600:11: Bye Bye [preauth]
Jan 31 07:35:42 psimulator sshd[6317]: Disconnected from authenticating user root 162.243.18.87 port 54600 [preauth]
Jan 31 07:35:43 psimulator sshd[6322]: Invalid user ubnt from 14.181.8.32 port 63856
Jan 31 07:35:43 psimulator sshd[6320]: Failed password for root from 51.254.32.102 port 43624 ssh2
Jan 31 07:35:43 psimulator sshd[6320]: Received disconnect from 51.254.32.102 port 43624:11: Bye Bye [preauth]
Jan 31 07:35:43 psimulator sshd[6320]: Disconnected from authenticating user root 51.254.32.102 port 43624 [preauth]
Jan 31 07:35:44 psimulator sshd[6322]: Failed none for invalid user ubnt from 14.181.8.32 port 63856 ssh2
Jan 31 07:35:44 psimulator sshd[6322]: Connection closed by invalid user ubnt 14.181.8.32 port 63856 [preauth]
Jan 31 07:35:46 psimulator sshd[6324]: pam_unix(sshd:auth): authentication failure; logname= uid=0 euid=0 tty=ssh ruser= rhost=47.50.246.114  user=root
Jan 31 07:35:48 psimulator sshd[6324]: Failed password for root from 47.50.246.114 port 39432 ssh2
Jan 31 07:35:48 psimulator sshd[6327]: Invalid user ubnt from 14.181.8.32 port 64489
Jan 31 07:35:48 psimulator sshd[6324]: Received disconnect from 47.50.246.114 port 39432:11: Bye Bye [preauth]
Jan 31 07:35:48 psimulator sshd[6324]: Disconnected from authenticating user root 47.50.246.114 port 39432 [preauth]
Jan 31 07:35:49 psimulator sshd[6327]: pam_unix(sshd:auth): check pass; user unknown
Jan 31 07:35:49 psimulator sshd[6327]: pam_unix(sshd:auth): authentication failure; logname= uid=0 euid=0 tty=ssh ruser= rhost=14.181.8.32
Jan 31 07:35:49 psimulator sshd[6328]: Invalid user 123456aS from 119.45.184.52 port 41208
Jan 31 07:35:49 psimulator sshd[6328]: pam_unix(sshd:auth): check pass; user unknown
Jan 31 07:35:49 psimulator sshd[6328]: pam_unix(sshd:auth): authentication failure; logname= uid=0 euid=0 tty=ssh ruser= rhost=119.45.184.52
Jan 31 07:35:51 psimulator sshd[6327]: Failed password for invalid user ubnt from 14.181.8.32 port 64489 ssh2
Jan 31 07:35:51 psimulator sshd[6327]: Connection closed by invalid user ubnt 14.181.8.32 port 64489 [preauth]
Jan 31 07:35:51 psimulator sshd[6328]: Failed password for invalid user 123456aS from 119.45.184.52 port 41208 ssh2
Jan 31 07:35:51 psimulator sshd[6328]: Received disconnect from 119.45.184.52 port 41208:11: Bye Bye [preauth]
Jan 31 07:35:51 psimulator sshd[6328]: Disconnected from invalid user 123456aS 119.45.184.52 port 41208 [preauth]
Jan 31 07:35:55 psimulator sshd[6334]: Invalid user ubnt from 14.181.8.32 port 65213
Jan 31 07:35:56 psimulator sshd[6334]: pam_unix(sshd:auth): check pass; user unknown
Jan 31 07:35:56 psimulator sshd[6334]: pam_unix(sshd:auth): authentication failure; logname= uid=0 euid=0 tty=ssh ruser= rhost=14.181.8.32
Jan 31 07:35:56 psimulator sshd[6332]: pam_unix(sshd:auth): authentication failure; logname= uid=0 euid=0 tty=ssh ruser= rhost=121.121.149.168  user=root
Jan 31 07:35:58 psimulator sshd[6334]: Failed password for invalid user ubnt from 14.181.8.32 port 65213 ssh2
Jan 31 07:35:58 psimulator sshd[6332]: Failed password for root from 121.121.149.168 port 58019 ssh2
Jan 31 07:35:58 psimulator sshd[6334]: Connection closed by invalid user ubnt 14.181.8.32 port 65213 [preauth]
Jan 31 07:35:59 psimulator sshd[6332]: Received disconnect from 121.121.149.168 port 58019:11: Bye Bye [preauth]
Jan 31 07:35:59 psimulator sshd[6332]: Disconnected from authenticating user root 121.121.149.168 port 58019 [preauth]
Jan 31 07:36:03 psimulator sshd[6340]: Invalid user ubnt from 14.181.8.32 port 49728
Jan 31 07:36:03 psimulator sshd[6339]: pam_unix(sshd:auth): authentication failure; logname= uid=0 euid=0 tty=ssh ruser= rhost=47.50.246.114  user=root
Jan 31 07:36:03 psimulator sshd[6337]: pam_unix(sshd:auth): authentication failure; logname= uid=0 euid=0 tty=ssh ruser= rhost=165.227.75.135  user=root
Jan 31 07:36:03 psimulator sshd[6340]: pam_unix(sshd:auth): check pass; user unknown
Jan 31 07:36:03 psimulator sshd[6340]: pam_unix(sshd:auth): authentication failure; logname= uid=0 euid=0 tty=ssh ruser= rhost=14.181.8.32
Jan 31 07:36:05 psimulator sshd[6339]: Failed password for root from 47.50.246.114 port 41528 ssh2
Jan 31 07:36:05 psimulator sshd[6337]: Failed password for root from 165.227.75.135 port 46166 ssh2
Jan 31 07:36:05 psimulator sshd[6340]: Failed password for invalid user ubnt from 14.181.8.32 port 49728 ssh2
Jan 31 07:36:05 psimulator sshd[6337]: Received disconnect from 165.227.75.135 port 46166:11: Bye Bye [preauth]
Jan 31 07:36:05 psimulator sshd[6337]: Disconnected from authenticating user root 165.227.75.135 port 46166 [preauth]
Jan 31 07:36:05 psimulator sshd[6339]: Received disconnect from 47.50.246.114 port 41528:11: Bye Bye [preauth]
Jan 31 07:36:05 psimulator sshd[6339]: Disconnected from authenticating user root 47.50.246.114 port 41528 [preauth]
Jan 31 07:36:06 psimulator sshd[6340]: Connection closed by invalid user ubnt 14.181.8.32 port 49728 [preauth]
Jan 31 07:36:07 psimulator sshd[6344]: pam_unix(sshd:auth): authentication failure; logname= uid=0 euid=0 tty=ssh ruser= rhost=51.77.149.232  user=root
Jan 31 07:36:10 psimulator sshd[6344]: Failed password for root from 51.77.149.232 port 59102 ssh2
Jan 31 07:36:10 psimulator sshd[6344]: Received disconnect from 51.77.149.232 port 59102:11: Bye Bye [preauth]
Jan 31 07:36:10 psimulator sshd[6344]: Disconnected from authenticating user root 51.77.149.232 port 59102 [preauth]
Jan 31 07:36:10 psimulator sshd[6349]: Invalid user ubnt from 14.181.8.32 port 50789
Jan 31 07:36:10 psimulator sshd[6346]: pam_unix(sshd:auth): authentication failure; logname= uid=0 euid=0 tty=ssh ruser= rhost=190.119.197.210  user=root
Jan 31 07:36:10 psimulator sshd[6349]: pam_unix(sshd:auth): check pass; user unknown
Jan 31 07:36:10 psimulator sshd[6349]: pam_unix(sshd:auth): authentication failure; logname= uid=0 euid=0 tty=ssh ruser= rhost=14.181.8.32
Jan 31 07:36:10 psimulator sshd[6352]: pam_unix(sshd:auth): authentication failure; logname= uid=0 euid=0 tty=ssh ruser= rhost=51.15.136.191  user=root
Jan 31 07:36:11 psimulator sshd[6347]: pam_unix(sshd:auth): authentication failure; logname= uid=0 euid=0 tty=ssh ruser= rhost=43.229.55.61  user=root
Jan 31 07:36:12 psimulator sshd[6346]: Failed password for root from 190.119.197.210 port 53590 ssh2
Jan 31 07:36:12 psimulator sshd[6349]: Failed password for invalid user ubnt from 14.181.8.32 port 50789 ssh2
Jan 31 07:36:12 psimulator sshd[6352]: Failed password for root from 51.15.136.191 port 44310 ssh2
Jan 31 07:36:12 psimulator sshd[6352]: Received disconnect from 51.15.136.191 port 44310:11: Bye Bye [preauth]
Jan 31 07:36:12 psimulator sshd[6352]: Disconnected from authenticating user root 51.15.136.191 port 44310 [preauth]
Jan 31 07:36:12 psimulator sshd[6349]: Connection closed by invalid user ubnt 14.181.8.32 port 50789 [preauth]
Jan 31 07:36:12 psimulator sshd[6346]: Received disconnect from 190.119.197.210 port 53590:11: Bye Bye [preauth]
Jan 31 07:36:12 psimulator sshd[6346]: Disconnected from authenticating user root 190.119.197.210 port 53590 [preauth]
Jan 31 07:36:13 psimulator sshd[6347]: Failed password for root from 43.229.55.61 port 42452 ssh2
Jan 31 07:36:13 psimulator sshd[6347]: Received disconnect from 43.229.55.61 port 42452:11: Bye Bye [preauth]
Jan 31 07:36:13 psimulator sshd[6347]: Disconnected from authenticating user root 43.229.55.61 port 42452 [preauth]
Jan 31 07:36:17 psimulator sshd[6355]: Invalid user ubnt from 14.181.8.32 port 51506
Jan 31 07:36:17 psimulator sshd[6355]: pam_unix(sshd:auth): check pass; user unknown
Jan 31 07:36:17 psimulator sshd[6355]: pam_unix(sshd:auth): authentication failure; logname= uid=0 euid=0 tty=ssh ruser= rhost=14.181.8.32
Jan 31 07:36:20 psimulator sshd[6355]: Failed password for invalid user ubnt from 14.181.8.32 port 51506 ssh2
Jan 31 07:36:20 psimulator sshd[6355]: Connection closed by invalid user ubnt 14.181.8.32 port 51506 [preauth]
Jan 31 07:36:23 psimulator sshd[6358]: pam_unix(sshd:auth): authentication failure; logname= uid=0 euid=0 tty=ssh ruser= rhost=47.50.246.114  user=root
Jan 31 07:36:24 psimulator sshd[6361]: Invalid user ubnt from 14.181.8.32 port 52376
Jan 31 07:36:25 psimulator sshd[6361]: pam_unix(sshd:auth): check pass; user unknown
Jan 31 07:36:25 psimulator sshd[6361]: pam_unix(sshd:auth): authentication failure; logname= uid=0 euid=0 tty=ssh ruser= rhost=14.181.8.32
Jan 31 07:36:25 psimulator sshd[6358]: Failed password for root from 47.50.246.114 port 43620 ssh2
Jan 31 07:36:25 psimulator sshd[6358]: Received disconnect from 47.50.246.114 port 43620:11: Bye Bye [preauth]
Jan 31 07:36:25 psimulator sshd[6358]: Disconnected from authenticating user root 47.50.246.114 port 43620 [preauth]
Jan 31 07:36:27 psimulator sshd[6361]: Failed password for invalid user ubnt from 14.181.8.32 port 52376 ssh2
Jan 31 07:36:27 psimulator sshd[6361]: Connection closed by invalid user ubnt 14.181.8.32 port 52376 [preauth]
Jan 31 07:36:31 psimulator sshd[6364]: Invalid user ubnt from 14.181.8.32 port 53431
Jan 31 07:36:32 psimulator sshd[6364]: pam_unix(sshd:auth): check pass; user unknown
Jan 31 07:36:32 psimulator sshd[6364]: pam_unix(sshd:auth): authentication failure; logname= uid=0 euid=0 tty=ssh ruser= rhost=14.181.8.32
Jan 31 07:36:33 psimulator sshd[6364]: Failed password for invalid user ubnt from 14.181.8.32 port 53431 ssh2
Jan 31 07:36:34 psimulator sshd[6364]: Connection closed by invalid user ubnt 14.181.8.32 port 53431 [preauth]
Jan 31 07:36:35 psimulator sshd[6366]: pam_unix(sshd:auth): authentication failure; logname= uid=0 euid=0 tty=ssh ruser= rhost=51.79.55.141  user=root
Jan 31 07:36:37 psimulator sshd[6366]: Failed password for root from 51.79.55.141 port 46692 ssh2
Jan 31 07:36:37 psimulator sshd[6366]: Received disconnect from 51.79.55.141 port 46692:11: Bye Bye [preauth]
Jan 31 07:36:37 psimulator sshd[6366]: Disconnected from authenticating user root 51.79.55.141 port 46692 [preauth]
Jan 31 07:36:38 psimulator sshd[6369]: Invalid user ubnt from 14.181.8.32 port 54170
Jan 31 07:36:38 psimulator sshd[6369]: pam_unix(sshd:auth): check pass; user unknown
Jan 31 07:36:38 psimulator sshd[6369]: pam_unix(sshd:auth): authentication failure; logname= uid=0 euid=0 tty=ssh ruser= rhost=14.181.8.32
Jan 31 07:36:43 psimulator sshd[6369]: Failed password for invalid user ubnt from 14.181.8.32 port 54170 ssh2
Jan 31 07:36:45 psimulator sshd[6369]: Connection closed by invalid user ubnt 14.181.8.32 port 54170 [preauth]
Jan 31 07:36:45 psimulator sshd[6373]: pam_unix(sshd:auth): authentication failure; logname= uid=0 euid=0 tty=ssh ruser= rhost=47.50.246.114  user=root
Jan 31 07:36:45 psimulator sshd[6373]: Failed password for root from 47.50.246.114 port 45716 ssh2
Jan 31 07:36:45 psimulator sshd[6373]: Received disconnect from 47.50.246.114 port 45716:11: Bye Bye [preauth]
Jan 31 07:36:45 psimulator sshd[6373]: Disconnected from authenticating user root 47.50.246.114 port 45716 [preauth]
Jan 31 07:36:46 psimulator sshd[6375]: Invalid user ubnt from 14.181.8.32 port 55102
Jan 31 07:36:46 psimulator sshd[6375]: pam_unix(sshd:auth): check pass; user unknown
Jan 31 07:36:46 psimulator sshd[6375]: pam_unix(sshd:auth): authentication failure; logname= uid=0 euid=0 tty=ssh ruser= rhost=14.181.8.32
Jan 31 07:36:47 psimulator sshd[6375]: Failed password for invalid user ubnt from 14.181.8.32 port 55102 ssh2
Jan 31 07:36:47 psimulator sshd[6375]: Connection closed by invalid user ubnt 14.181.8.32 port 55102 [preauth]
Jan 31 07:36:52 psimulator sshd[6379]: Invalid user ubnt from 14.181.8.32 port 56039
Jan 31 07:36:52 psimulator sshd[6379]: pam_unix(sshd:auth): check pass; user unknown
Jan 31 07:36:52 psimulator sshd[6379]: pam_unix(sshd:auth): authentication failure; logname= uid=0 euid=0 tty=ssh ruser= rhost=14.181.8.32
Jan 31 07:36:54 psimulator sshd[6379]: Failed password for invalid user ubnt from 14.181.8.32 port 56039 ssh2
Jan 31 07:36:54 psimulator sshd[6379]: Connection closed by invalid user ubnt 14.181.8.32 port 56039 [preauth]
Jan 31 07:36:56 psimulator sshd[6382]: pam_unix(sshd:auth): authentication failure; logname= uid=0 euid=0 tty=ssh ruser= rhost=51.254.32.102  user=root
Jan 31 07:36:58 psimulator sshd[6382]: Failed password for root from 51.254.32.102 port 35140 ssh2
Jan 31 07:36:58 psimulator sshd[6382]: Received disconnect from 51.254.32.102 port 35140:11: Bye Bye [preauth]
Jan 31 07:36:58 psimulator sshd[6382]: Disconnected from authenticating user root 51.254.32.102 port 35140 [preauth]
Jan 31 07:36:59 psimulator sshd[6384]: Invalid user ubnt from 14.181.8.32 port 56759
Jan 31 07:36:59 psimulator sshd[6384]: pam_unix(sshd:auth): check pass; user unknown
Jan 31 07:36:59 psimulator sshd[6384]: pam_unix(sshd:auth): authentication failure; logname= uid=0 euid=0 tty=ssh ruser= rhost=14.181.8.32
Jan 31 07:37:01 psimulator sshd[6384]: Failed password for invalid user ubnt from 14.181.8.32 port 56759 ssh2
Jan 31 07:37:01 psimulator sshd[6384]: Connection closed by invalid user ubnt 14.181.8.32 port 56759 [preauth]
Jan 31 07:37:05 psimulator sshd[6387]: Invalid user ubnt from 14.181.8.32 port 57557
Jan 31 07:37:06 psimulator sshd[6387]: pam_unix(sshd:auth): check pass; user unknown
Jan 31 07:37:06 psimulator sshd[6387]: pam_unix(sshd:auth): authentication failure; logname= uid=0 euid=0 tty=ssh ruser= rhost=14.181.8.32
Jan 31 07:37:07 psimulator sshd[6387]: Failed password for invalid user ubnt from 14.181.8.32 port 57557 ssh2
Jan 31 07:37:08 psimulator sshd[6387]: Connection closed by invalid user ubnt 14.181.8.32 port 57557 [preauth]
Jan 31 07:37:08 psimulator sshd[6392]: pam_unix(sshd:auth): authentication failure; logname= uid=0 euid=0 tty=ssh ruser= rhost=47.50.246.114  user=root
Jan 31 07:37:10 psimulator sshd[6392]: Failed password for root from 47.50.246.114 port 47812 ssh2
Jan 31 07:37:10 psimulator sshd[6392]: Received disconnect from 47.50.246.114 port 47812:11: Bye Bye [preauth]
Jan 31 07:37:10 psimulator sshd[6392]: Disconnected from authenticating user root 47.50.246.114 port 47812 [preauth]
Jan 31 07:37:12 psimulator sshd[6397]: Invalid user ubnt from 14.181.8.32 port 58590
Jan 31 07:37:13 psimulator sshd[6397]: pam_unix(sshd:auth): check pass; user unknown
Jan 31 07:37:13 psimulator sshd[6397]: pam_unix(sshd:auth): authentication failure; logname= uid=0 euid=0 tty=ssh ruser= rhost=14.181.8.32
Jan 31 07:37:13 psimulator sshd[6390]: pam_unix(sshd:auth): authentication failure; logname= uid=0 euid=0 tty=ssh ruser= rhost=144.34.240.47  user=root
Jan 31 07:37:14 psimulator sshd[6394]: pam_unix(sshd:auth): authentication failure; logname= uid=0 euid=0 tty=ssh ruser= rhost=104.236.35.211  user=root
Jan 31 07:37:15 psimulator sshd[6397]: Failed password for invalid user ubnt from 14.181.8.32 port 58590 ssh2
Jan 31 07:37:15 psimulator sshd[6397]: Connection closed by invalid user ubnt 14.181.8.32 port 58590 [preauth]
Jan 31 07:37:15 psimulator sshd[6390]: Failed password for root from 144.34.240.47 port 57554 ssh2
Jan 31 07:37:16 psimulator sshd[6390]: Received disconnect from 144.34.240.47 port 57554:11: Bye Bye [preauth]
Jan 31 07:37:16 psimulator sshd[6390]: Disconnected from authenticating user root 144.34.240.47 port 57554 [preauth]
Jan 31 07:37:16 psimulator sshd[6394]: Failed password for root from 104.236.35.211 port 40632 ssh2
Jan 31 07:37:16 psimulator sshd[6394]: Received disconnect from 104.236.35.211 port 40632:11: Bye Bye [preauth]
Jan 31 07:37:16 psimulator sshd[6394]: Disconnected from authenticating user root 104.236.35.211 port 40632 [preauth]
Jan 31 07:37:20 psimulator sshd[6400]: Invalid user ubnt from 14.181.8.32 port 59385
Jan 31 07:37:20 psimulator sshd[6400]: pam_unix(sshd:auth): check pass; user unknown
Jan 31 07:37:20 psimulator sshd[6400]: pam_unix(sshd:auth): authentication failure; logname= uid=0 euid=0 tty=ssh ruser= rhost=14.181.8.32
Jan 31 07:37:22 psimulator sshd[6400]: Failed password for invalid user ubnt from 14.181.8.32 port 59385 ssh2
Jan 31 07:37:22 psimulator sshd[6400]: Connection closed by invalid user ubnt 14.181.8.32 port 59385 [preauth]
Jan 31 07:37:24 psimulator sshd[6402]: pam_unix(sshd:auth): authentication failure; logname= uid=0 euid=0 tty=ssh ruser= rhost=51.79.55.141  user=root
Jan 31 07:37:27 psimulator sshd[6405]: Invalid user ubnt from 14.181.8.32 port 60226
Jan 31 07:37:27 psimulator sshd[6402]: Failed password for root from 51.79.55.141 port 58318 ssh2
Jan 31 07:37:27 psimulator sshd[6402]: Received disconnect from 51.79.55.141 port 58318:11: Bye Bye [preauth]
Jan 31 07:37:27 psimulator sshd[6402]: Disconnected from authenticating user root 51.79.55.141 port 58318 [preauth]
Jan 31 07:37:27 psimulator sshd[6405]: pam_unix(sshd:auth): check pass; user unknown
Jan 31 07:37:27 psimulator sshd[6405]: pam_unix(sshd:auth): authentication failure; logname= uid=0 euid=0 tty=ssh ruser= rhost=14.181.8.32
