Jan 31 07:26:34 psimulator sshd[5879]: Connection closed by invalid user MikroTik 14.181.8.32 port 60392 [preauth]
Jan 31 07:26:38 psimulator sshd[5884]: pam_unix(sshd:auth): authentication failure; logname= uid=0 euid=0 tty=ssh ruser= rhost=51.77.149.232  user=root
Jan 31 07:26:38 psimulator sshd[5882]: Invalid user profile1 from 14.181.8.32 port 61340
Jan 31 07:26:39 psimulator sshd[5886]: pam_unix(sshd:auth): authentication failure; logname= uid=0 euid=0 tty=ssh ruser= rhost=51.15.136.191  user=root
Jan 31 07:26:39 psimulator sshd[5882]: Failed none for invalid user profile1 from 14.181.8.32 port 61340 ssh2
Jan 31 07:26:39 psimulator sshd[5882]: Connection closed by invalid user profile1 14.181.8.32 port 61340 [preauth]
Jan 31 07:26:40 psimulator sshd[5884]: Failed password for root from 51.77.149.232 port 44662 ssh2
Jan 31 07:26:40 psimulator sshd[5884]: Received disconnect from 51.77.149.232 port 44662:11: Bye Bye [preauth]
Jan 31 07:26:40 psimulator sshd[5884]: Disconnected from authenticating user root 51.77.149.232 port 44662 [preauth]
Jan 31 07:26:41 psimulator sshd[5886]: Failed password for root from 51.15.136.191 port 57570 ssh2
Jan 31 07:26:41 psimulator sshd[5886]: Received disconnect from 51.15.136.191 port 57570:11: Bye Bye [preauth]
Jan 31 07:26:41 psimulator sshd[5886]: Disconnected from authenticating user root 51.15.136.191 port 57570 [preauth]
Jan 31 07:26:44 psimulator sshd[5889]: Invalid user profile1 from 14.181.8.32 port 61983
Jan 31 07:26:44 psimulator sshd[5889]: pam_unix(sshd:auth): check pass; user unknown
Jan 31 07:26:44 psimulator sshd[5889]: pam_unix(sshd:auth): authentication failure; logname= uid=0 euid=0 tty=ssh ruser= rhost=14.181.8.32
Jan 31 07:26:46 psimulator sshd[5889]: Failed password for invalid user profile1 from 14.181.8.32 port 61983 ssh2
Jan 31 07:26:46 psimulator sshd[5889]: Connection closed by invalid user profile1 14.181.8.32 port 61983 [preauth]
Jan 31 07:26:47 psimulator sshd[5892]: pam_unix(sshd:auth): authentication failure; logname= uid=0 euid=0 tty=ssh ruser= rhost=140.86.39.162  user=root
Jan 31 07:26:50 psimulator sshd[5892]: Failed password for root from 140.86.39.162 port 44681 ssh2
Jan 31 07:26:50 psimulator sshd[5892]: Received disconnect from 140.86.39.162 port 44681:11: Bye Bye [preauth]
Jan 31 07:26:50 psimulator sshd[5892]: Disconnected from authenticating user root 140.86.39.162 port 44681 [preauth]
Jan 31 07:26:50 psimulator sshd[5894]: Invalid user profile1 from 14.181.8.32 port 62671
Jan 31 07:26:50 psimulator sshd[5894]: pam_unix(sshd:auth): check pass; user unknown
Jan 31 07:26:50 psimulator sshd[5894]: pam_unix(sshd:auth): authentication failure; logname= uid=0 euid=0 tty=ssh ruser= rhost=14.181.8.32
Jan 31 07:26:52 psimulator sshd[5894]: Failed password for invalid user profile1 from 14.181.8.32 port 62671 ssh2
Jan 31 07:26:52 psimulator sshd[5894]: Connection closed by invalid user profile1 14.181.8.32 port 62671 [preauth]
Jan 31 07:26:52 psimulator sshd[5898]: pam_unix(sshd:auth): authentication failure; logname= uid=0 euid=0 tty=ssh ruser= rhost=51.254.32.102  user=root
Jan 31 07:26:53 psimulator sshd[5896]: pam_unix(sshd:auth): authentication failure; logname= uid=0 euid=0 tty=ssh ruser= rhost=47.50.246.114  user=root
Jan 31 07:26:54 psimulator sshd[5900]: pam_unix(sshd:auth): authentication failure; logname= uid=0 euid=0 tty=ssh ruser= rhost=165.227.75.135  user=root
Jan 31 07:26:55 psimulator sshd[5898]: Failed password for root from 51.254.32.102 port 46540 ssh2
Jan 31 07:26:55 psimulator sshd[5898]: Received disconnect from 51.254.32.102 port 46540:11: Bye Bye [preauth]
Jan 31 07:26:55 psimulator sshd[5898]: Disconnected from authenticating user root 51.254.32.102 port 46540 [preauth]
Jan 31 07:26:55 psimulator sshd[5896]: Failed password for root from 47.50.246.114 port 41466 ssh2
Jan 31 07:26:55 psimulator sshd[5896]: Received disconnect from 47.50.246.114 port 41466:11: Bye Bye [preauth]
Jan 31 07:26:55 psimulator sshd[5896]: Disconnected from authenticating user root 47.50.246.114 port 41466 [preauth]
Jan 31 07:26:56 psimulator sshd[5900]: Failed password for root from 165.227.75.135 port 42990 ssh2
Jan 31 07:26:56 psimulator sshd[5900]: Received disconnect from 165.227.75.135 port 42990:11: Bye Bye [preauth]
Jan 31 07:26:56 psimulator sshd[5900]: Disconnected from authenticating user root 165.227.75.135 port 42990 [preauth]
Jan 31 07:26:57 psimulator sshd[5903]: Invalid user profile1 from 14.181.8.32 port 63632
Jan 31 07:26:57 psimulator sshd[5903]: pam_unix(sshd:auth): check pass; user unknown
Jan 31 07:26:57 psimulator sshd[5903]: pam_unix(sshd:auth): authentication failure; logname= uid=0 euid=0 tty=ssh ruser= rhost=14.181.8.32
Jan 31 07:26:59 psimulator sshd[5903]: Failed password for invalid user profile1 from 14.181.8.32 port 63632 ssh2
Jan 31 07:26:59 psimulator sshd[5903]: Connection closed by invalid user profile1 14.181.8.32 port 63632 [preauth]
Jan 31 07:27:03 psimulator sshd[5906]: pam_unix(sshd:auth): authentication failure; logname= uid=0 euid=0 tty=ssh ruser= rhost=51.79.55.141  user=root
Jan 31 07:27:04 psimulator sshd[5908]: Invalid user profile1 from 14.181.8.32 port 64341
Jan 31 07:27:04 psimulator sshd[5908]: pam_unix(sshd:auth): check pass; user unknown
Jan 31 07:27:04 psimulator sshd[5908]: pam_unix(sshd:auth): authentication failure; logname= uid=0 euid=0 tty=ssh ruser= rhost=14.181.8.32
Jan 31 07:27:05 psimulator sshd[5906]: Failed password for root from 51.79.55.141 port 59646 ssh2
Jan 31 07:27:05 psimulator sshd[5906]: Received disconnect from 51.79.55.141 port 59646:11: Bye Bye [preauth]
Jan 31 07:27:05 psimulator sshd[5906]: Disconnected from authenticating user root 51.79.55.141 port 59646 [preauth]
Jan 31 07:27:06 psimulator sshd[5908]: Failed password for invalid user profile1 from 14.181.8.32 port 64341 ssh2
Jan 31 07:27:07 psimulator sshd[5908]: Connection closed by invalid user profile1 14.181.8.32 port 64341 [preauth]
Jan 31 07:27:11 psimulator sshd[5912]: Invalid user profile1 from 14.181.8.32 port 65292
Jan 31 07:27:11 psimulator sshd[5912]: pam_unix(sshd:auth): check pass; user unknown
Jan 31 07:27:11 psimulator sshd[5912]: pam_unix(sshd:auth): authentication failure; logname= uid=0 euid=0 tty=ssh ruser= rhost=14.181.8.32
Jan 31 07:27:11 psimulator sshd[5911]: pam_unix(sshd:auth): authentication failure; logname= uid=0 euid=0 tty=ssh ruser= rhost=190.119.197.210  user=root
Jan 31 07:27:12 psimulator sshd[5916]: pam_unix(sshd:auth): authentication failure; logname= uid=0 euid=0 tty=ssh ruser= rhost=47.50.246.114  user=root
Jan 31 07:27:13 psimulator sshd[5912]: Failed password for invalid user profile1 from 14.181.8.32 port 65292 ssh2
Jan 31 07:27:13 psimulator sshd[5911]: Failed password for root from 190.119.197.210 port 47232 ssh2
Jan 31 07:27:13 psimulator sshd[5912]: Connection closed by invalid user profile1 14.181.8.32 port 65292 [preauth]
Jan 31 07:27:14 psimulator sshd[5911]: Received disconnect from 190.119.197.210 port 47232:11: Bye Bye [preauth]
Jan 31 07:27:14 psimulator sshd[5911]: Disconnected from authenticating user root 190.119.197.210 port 47232 [preauth]
Jan 31 07:27:15 psimulator sshd[5916]: Failed password for root from 47.50.246.114 port 43562 ssh2
Jan 31 07:27:15 psimulator sshd[5916]: Received disconnect from 47.50.246.114 port 43562:11: Bye Bye [preauth]
Jan 31 07:27:15 psimulator sshd[5916]: Disconnected from authenticating user root 47.50.246.114 port 43562 [preauth]
Jan 31 07:27:18 psimulator sshd[5919]: Invalid user profile1 from 14.181.8.32 port 49879
Jan 31 07:27:18 psimulator sshd[5919]: pam_unix(sshd:auth): check pass; user unknown
Jan 31 07:27:18 psimulator sshd[5919]: pam_unix(sshd:auth): authentication failure; logname= uid=0 euid=0 tty=ssh ruser= rhost=14.181.8.32
Jan 31 07:27:20 psimulator sshd[5919]: Failed password for invalid user profile1 from 14.181.8.32 port 49879 ssh2
Jan 31 07:27:20 psimulator sshd[5919]: Connection closed by invalid user profile1 14.181.8.32 port 49879 [preauth]
Jan 31 07:27:24 psimulator sshd[5922]: Invalid user profile1 from 14.181.8.32 port 50581
Jan 31 07:27:25 psimulator sshd[5922]: pam_unix(sshd:auth): check pass; user unknown
Jan 31 07:27:25 psimulator sshd[5922]: pam_unix(sshd:auth): authentication failure; logname= uid=0 euid=0 tty=ssh ruser= rhost=14.181.8.32
Jan 31 07:27:27 psimulator sshd[5922]: Failed password for invalid user profile1 from 14.181.8.32 port 50581 ssh2
Jan 31 07:27:27 psimulator sshd[5922]: Connection closed by invalid user profile1 14.181.8.32 port 50581 [preauth]
Jan 31 07:27:32 psimulator sshd[5926]: pam_unix(sshd:auth): authentication failure; logname= uid=0 euid=0 tty=ssh ruser= rhost=47.50.246.114  user=root
Jan 31 07:27:32 psimulator sshd[5929]: Invalid user profile1 from 14.181.8.32 port 51364
Jan 31 07:27:32 psimulator sshd[5929]: pam_unix(sshd:auth): check pass; user unknown
Jan 31 07:27:32 psimulator sshd[5929]: pam_unix(sshd:auth): authentication failure; logname= uid=0 euid=0 tty=ssh ruser= rhost=14.181.8.32
Jan 31 07:27:32 psimulator sshd[5925]: pam_unix(sshd:auth): authentication failure; logname= uid=0 euid=0 tty=ssh ruser= rhost=121.121.149.168  user=root
Jan 31 07:27:34 psimulator sshd[5926]: Failed password for root from 47.50.246.114 port 45654 ssh2
Jan 31 07:27:34 psimulator sshd[5926]: Received disconnect from 47.50.246.114 port 45654:11: Bye Bye [preauth]
Jan 31 07:27:34 psimulator sshd[5926]: Disconnected from authenticating user root 47.50.246.114 port 45654 [preauth]
Jan 31 07:27:34 psimulator sshd[5929]: Failed password for invalid user profile1 from 14.181.8.32 port 51364 ssh2
Jan 31 07:27:34 psimulator sshd[5925]: Failed password for root from 121.121.149.168 port 30725 ssh2
Jan 31 07:27:34 psimulator sshd[5929]: Connection closed by invalid user profile1 14.181.8.32 port 51364 [preauth]
Jan 31 07:27:34 psimulator sshd[5925]: Received disconnect from 121.121.149.168 port 30725:11: Bye Bye [preauth]
Jan 31 07:27:34 psimulator sshd[5925]: Disconnected from authenticating user root 121.121.149.168 port 30725 [preauth]
Jan 31 07:27:37 psimulator sshd[5932]: pam_unix(sshd:auth): authentication failure; logname= uid=0 euid=0 tty=ssh ruser= rhost=190.131.196.18  user=root
Jan 31 07:27:39 psimulator sshd[5934]: Invalid user profile1 from 14.181.8.32 port 52501
Jan 31 07:27:39 psimulator sshd[5934]: pam_unix(sshd:auth): check pass; user unknown
Jan 31 07:27:39 psimulator sshd[5934]: pam_unix(sshd:auth): authentication failure; logname= uid=0 euid=0 tty=ssh ruser= rhost=14.181.8.32
Jan 31 07:27:40 psimulator sshd[5932]: Failed password for root from 190.131.196.18 port 35124 ssh2
Jan 31 07:27:40 psimulator sshd[5932]: Received disconnect from 190.131.196.18 port 35124:11: Bye Bye [preauth]
Jan 31 07:27:40 psimulator sshd[5932]: Disconnected from authenticating user root 190.131.196.18 port 35124 [preauth]
Jan 31 07:27:41 psimulator sshd[5934]: Failed password for invalid user profile1 from 14.181.8.32 port 52501 ssh2
Jan 31 07:27:41 psimulator sshd[5934]: Connection closed by invalid user profile1 14.181.8.32 port 52501 [preauth]
Jan 31 07:27:46 psimulator sshd[5937]: Invalid user profile1 from 14.181.8.32 port 53212
Jan 31 07:27:46 psimulator sshd[5937]: pam_unix(sshd:auth): check pass; user unknown
Jan 31 07:27:46 psimulator sshd[5937]: pam_unix(sshd:auth): authentication failure; logname= uid=0 euid=0 tty=ssh ruser= rhost=14.181.8.32
Jan 31 07:27:48 psimulator sshd[5937]: Failed password for invalid user profile1 from 14.181.8.32 port 53212 ssh2
Jan 31 07:27:48 psimulator sshd[5937]: Connection closed by invalid user profile1 14.181.8.32 port 53212 [preauth]
Jan 31 07:27:51 psimulator sshd[5939]: pam_unix(sshd:auth): authentication failure; logname= uid=0 euid=0 tty=ssh ruser= rhost=162.243.18.87  user=root
Jan 31 07:27:52 psimulator sshd[5942]: Invalid user Asd1234%^& from 119.45.184.52 port 60480
Jan 31 07:27:52 psimulator sshd[5942]: pam_unix(sshd:auth): check pass; user unknown
Jan 31 07:27:52 psimulator sshd[5942]: pam_unix(sshd:auth): authentication failure; logname= uid=0 euid=0 tty=ssh ruser= rhost=119.45.184.52
Jan 31 07:27:53 psimulator sshd[5946]: Invalid user profile1 from 14.181.8.32 port 54025
Jan 31 07:27:53 psimulator sshd[5939]: Failed password for root from 162.243.18.87 port 46918 ssh2
Jan 31 07:27:53 psimulator sshd[5939]: Received disconnect from 162.243.18.87 port 46918:11: Bye Bye [preauth]
Jan 31 07:27:53 psimulator sshd[5939]: Disconnected from authenticating user root 162.243.18.87 port 46918 [preauth]
Jan 31 07:27:53 psimulator sshd[5946]: pam_unix(sshd:auth): check pass; user unknown
Jan 31 07:27:53 psimulator sshd[5946]: pam_unix(sshd:auth): authentication failure; logname= uid=0 euid=0 tty=ssh ruser= rhost=14.181.8.32
Jan 31 07:27:53 psimulator sshd[5948]: pam_unix(sshd:auth): authentication failure; logname= uid=0 euid=0 tty=ssh ruser= rhost=47.50.246.114  user=root
Jan 31 07:27:53 psimulator sshd[5944]: pam_unix(sshd:auth): authentication failure; logname= uid=0 euid=0 tty=ssh ruser= rhost=51.79.55.141  user=root
Jan 31 07:27:54 psimulator sshd[5942]: Failed password for invalid user Asd1234%^& from 119.45.184.52 port 60480 ssh2
Jan 31 07:27:55 psimulator sshd[5942]: Received disconnect from 119.45.184.52 port 60480:11: Bye Bye [preauth]
Jan 31 07:27:55 psimulator sshd[5942]: Disconnected from invalid user Asd1234%^& 119.45.184.52 port 60480 [preauth]
Jan 31 07:27:55 psimulator sshd[5951]: pam_unix(sshd:auth): authentication failure; logname= uid=0 euid=0 tty=ssh ruser= rhost=104.236.35.211  user=root
Jan 31 07:27:56 psimulator sshd[5946]: Failed password for invalid user profile1 from 14.181.8.32 port 54025 ssh2
Jan 31 07:27:56 psimulator sshd[5948]: Failed password for root from 47.50.246.114 port 47748 ssh2
Jan 31 07:27:56 psimulator sshd[5946]: Connection closed by invalid user profile1 14.181.8.32 port 54025 [preauth]
Jan 31 07:27:56 psimulator sshd[5944]: Failed password for root from 51.79.55.141 port 43384 ssh2
Jan 31 07:27:56 psimulator sshd[5948]: Received disconnect from 47.50.246.114 port 47748:11: Bye Bye [preauth]
Jan 31 07:27:56 psimulator sshd[5948]: Disconnected from authenticating user root 47.50.246.114 port 47748 [preauth]
Jan 31 07:27:56 psimulator sshd[5944]: Received disconnect from 51.79.55.141 port 43384:11: Bye Bye [preauth]
Jan 31 07:27:56 psimulator sshd[5944]: Disconnected from authenticating user root 51.79.55.141 port 43384 [preauth]
Jan 31 07:27:58 psimulator sshd[5951]: Failed password for root from 104.236.35.211 port 46624 ssh2
Jan 31 07:27:58 psimulator sshd[5951]: Received disconnect from 104.236.35.211 port 46624:11: Bye Bye [preauth]
Jan 31 07:27:58 psimulator sshd[5951]: Disconnected from authenticating user root 104.236.35.211 port 46624 [preauth]
Jan 31 07:28:00 psimulator sshd[5954]: Invalid user profile1 from 14.181.8.32 port 55128
Jan 31 07:28:00 psimulator sshd[5954]: pam_unix(sshd:auth): check pass; user unknown
Jan 31 07:28:00 psimulator sshd[5954]: pam_unix(sshd:auth): authentication failure; logname= uid=0 euid=0 tty=ssh ruser= rhost=14.181.8.32
Jan 31 07:28:03 psimulator sshd[5954]: Failed password for invalid user profile1 from 14.181.8.32 port 55128 ssh2
Jan 31 07:28:03 psimulator sshd[5954]: Connection closed by invalid user profile1 14.181.8.32 port 55128 [preauth]
Jan 31 07:28:07 psimulator sshd[5957]: Invalid user profile1 from 14.181.8.32 port 55844
Jan 31 07:28:07 psimulator sshd[5957]: pam_unix(sshd:auth): check pass; user unknown
Jan 31 07:28:07 psimulator sshd[5957]: pam_unix(sshd:auth): authentication failure; logname= uid=0 euid=0 tty=ssh ruser= rhost=14.181.8.32
Jan 31 07:28:09 psimulator sshd[5959]: pam_unix(sshd:auth): authentication failure; logname= uid=0 euid=0 tty=ssh ruser= rhost=51.254.32.102  user=root
Jan 31 07:28:10 psimulator sshd[5957]: Failed password for invalid user profile1 from 14.181.8.32 port 55844 ssh2
Jan 31 07:28:10 psimulator sshd[5957]: Connection closed by invalid user profile1 14.181.8.32 port 55844 [preauth]
Jan 31 07:28:11 psimulator sshd[5959]: Failed password for root from 51.254.32.102 port 38056 ssh2
Jan 31 07:28:11 psimulator sshd[5959]: Received disconnect from 51.254.32.102 port 38056:11: Bye Bye [preauth]
Jan 31 07:28:11 psimulator sshd[5959]: Disconnected from authenticating user root 51.254.32.102 port 38056 [preauth]
Jan 31 07:28:12 psimulator sshd[5962]: pam_unix(sshd:auth): authentication failure; logname= uid=0 euid=0 tty=ssh ruser= rhost=51.77.149.232  user=root
Jan 31 07:28:14 psimulator sshd[5962]: Failed password for root from 51.77.149.232 port 42362 ssh2
Jan 31 07:28:14 psimulator sshd[5962]: Received disconnect from 51.77.149.232 port 42362:11: Bye Bye [preauth]
Jan 31 07:28:14 psimulator sshd[5962]: Disconnected from authenticating user root 51.77.149.232 port 42362 [preauth]
Jan 31 07:28:14 psimulator sshd[5964]: pam_unix(sshd:auth): authentication failure; logname= uid=0 euid=0 tty=ssh ruser= rhost=47.50.246.114  user=root
Jan 31 07:28:15 psimulator sshd[5966]: Invalid user profile1 from 14.181.8.32 port 56816
Jan 31 07:28:15 psimulator sshd[5966]: pam_unix(sshd:auth): check pass; user unknown
Jan 31 07:28:15 psimulator sshd[5966]: pam_unix(sshd:auth): authentication failure; logname= uid=0 euid=0 tty=ssh ruser= rhost=14.181.8.32
Jan 31 07:28:16 psimulator sshd[5964]: Failed password for root from 47.50.246.114 port 49844 ssh2
Jan 31 07:28:17 psimulator sshd[5964]: Received disconnect from 47.50.246.114 port 49844:11: Bye Bye [preauth]
Jan 31 07:28:17 psimulator sshd[5964]: Disconnected from authenticating user root 47.50.246.114 port 49844 [preauth]
Jan 31 07:28:17 psimulator sshd[5966]: Failed password for invalid user profile1 from 14.181.8.32 port 56816 ssh2
Jan 31 07:28:17 psimulator sshd[5966]: Connection closed by invalid user profile1 14.181.8.32 port 56816 [preauth]
Jan 31 07:28:22 psimulator sshd[5969]: Invalid user profile1 from 14.181.8.32 port 57777
Jan 31 07:28:22 psimulator sshd[5969]: pam_unix(sshd:auth): check pass; user unknown
Jan 31 07:28:22 psimulator sshd[5969]: pam_unix(sshd:auth): authentication failure; logname= uid=0 euid=0 tty=ssh ruser= rhost=14.181.8.32
Jan 31 07:28:24 psimulator sshd[5969]: Failed password for invalid user profile1 from 14.181.8.32 port 57777 ssh2
Jan 31 07:28:24 psimulator sshd[5969]: Connection closed by invalid user profile1 14.181.8.32 port 57777 [preauth]
Jan 31 07:28:29 psimulator sshd[5972]: Invalid user profile1 from 14.181.8.32 port 58531
Jan 31 07:28:29 psimulator sshd[5972]: pam_unix(sshd:auth): check pass; user unknown
Jan 31 07:28:29 psimulator sshd[5972]: pam_unix(sshd:auth): authentication failure; logname= uid=0 euid=0 tty=ssh ruser= rhost=14.181.8.32
Jan 31 07:28:32 psimulator sshd[5972]: Failed password for invalid user profile1 from 14.181.8.32 port 58531 ssh2
Jan 31 07:28:32 psimulator sshd[5972]: Connection closed by invalid user profile1 14.181.8.32 port 58531 [preauth]
Jan 31 07:28:35 psimulator sshd[5975]: pam_unix(sshd:auth): authentication failure; logname= uid=0 euid=0 tty=ssh ruser= rhost=51.15.179.65  user=root
Jan 31 07:28:35 psimulator sshd[5977]: pam_unix(sshd:auth): authentication failure; logname= uid=0 euid=0 tty=ssh ruser= rhost=47.50.246.114  user=root
Jan 31 07:28:36 psimulator sshd[5980]: Invalid user profile1 from 14.181.8.32 port 59426
Jan 31 07:28:37 psimulator sshd[5980]: pam_unix(sshd:auth): check pass; user unknown
Jan 31 07:28:37 psimulator sshd[5980]: pam_unix(sshd:auth): authentication failure; logname= uid=0 euid=0 tty=ssh ruser= rhost=14.181.8.32
Jan 31 07:28:37 psimulator sshd[5975]: Failed password for root from 51.15.179.65 port 48420 ssh2
Jan 31 07:28:37 psimulator sshd[5975]: Received disconnect from 51.15.179.65 port 48420:11: Bye Bye [preauth]
Jan 31 07:28:37 psimulator sshd[5975]: Disconnected from authenticating user root 51.15.179.65 port 48420 [preauth]
Jan 31 07:28:37 psimulator sshd[5977]: Failed password for root from 47.50.246.114 port 51938 ssh2
Jan 31 07:28:38 psimulator sshd[5977]: Received disconnect from 47.50.246.114 port 51938:11: Bye Bye [preauth]
Jan 31 07:28:38 psimulator sshd[5977]: Disconnected from authenticating user root 47.50.246.114 port 51938 [preauth]
Jan 31 07:28:39 psimulator sshd[5980]: Failed password for invalid user profile1 from 14.181.8.32 port 59426 ssh2
Jan 31 07:28:39 psimulator sshd[5980]: Connection closed by invalid user profile1 14.181.8.32 port 59426 [preauth]
Jan 31 07:28:44 psimulator sshd[5983]: Invalid user profile1 from 14.181.8.32 port 60481
Jan 31 07:28:44 psimulator sshd[5983]: pam_unix(sshd:auth): check pass; user unknown
Jan 31 07:28:44 psimulator sshd[5983]: pam_unix(sshd:auth): authentication failure; logname= uid=0 euid=0 tty=ssh ruser= rhost=14.181.8.32
Jan 31 07:28:46 psimulator sshd[5983]: Failed password for invalid user profile1 from 14.181.8.32 port 60481 ssh2
Jan 31 07:28:46 psimulator sshd[5983]: Connection closed by invalid user profile1 14.181.8.32 port 60481 [preauth]
Jan 31 07:28:48 psimulator sshd[5986]: pam_unix(sshd:auth): authentication failure; logname= uid=0 euid=0 tty=ssh ruser= rhost=140.86.39.162  user=root
Jan 31 07:28:50 psimulator sshd[5988]: pam_unix(sshd:auth): authentication failure; logname= uid=0 euid=0 tty=ssh ruser= rhost=51.79.55.141  user=root
Jan 31 07:28:51 psimulator sshd[5986]: Failed password for root from 140.86.39.162 port 54993 ssh2
Jan 31 07:28:51 psimulator sshd[5986]: Received disconnect from 140.86.39.162 port 54993:11: Bye Bye [preauth]
Jan 31 07:28:51 psimulator sshd[5986]: Disconnected from authenticating user root 140.86.39.162 port 54993 [preauth]
Jan 31 07:28:51 psimulator sshd[5991]: Invalid user profile1 from 14.181.8.32 port 61363
Jan 31 07:28:51 psimulator sshd[5991]: pam_unix(sshd:auth): check pass; user unknown
Jan 31 07:28:51 psimulator sshd[5991]: pam_unix(sshd:auth): authentication failure; logname= uid=0 euid=0 tty=ssh ruser= rhost=14.181.8.32
Jan 31 07:28:52 psimulator sshd[5988]: Failed password for root from 51.79.55.141 port 54872 ssh2
Jan 31 07:28:52 psimulator sshd[5988]: Received disconnect from 51.79.55.141 port 54872:11: Bye Bye [preauth]
Jan 31 07:28:52 psimulator sshd[5988]: Disconnected from authenticating user root 51.79.55.141 port 54872 [preauth]
Jan 31 07:28:53 psimulator sshd[5991]: Failed password for invalid user profile1 from 14.181.8.32 port 61363 ssh2
Jan 31 07:28:53 psimulator sshd[5991]: Connection closed by invalid user profile1 14.181.8.32 port 61363 [preauth]
Jan 31 07:28:55 psimulator sshd[5994]: pam_unix(sshd:auth): authentication failure; logname= uid=0 euid=0 tty=ssh ruser= rhost=47.50.246.114  user=root
Jan 31 07:28:57 psimulator sshd[5994]: Failed password for root from 47.50.246.114 port 54032 ssh2
Jan 31 07:28:57 psimulator sshd[5994]: Received disconnect from 47.50.246.114 port 54032:11: Bye Bye [preauth]
Jan 31 07:28:57 psimulator sshd[5994]: Disconnected from authenticating user root 47.50.246.114 port 54032 [preauth]
Jan 31 07:28:58 psimulator sshd[5996]: Invalid user user1 from 14.181.8.32 port 62067
Jan 31 07:28:58 psimulator sshd[5996]: Failed none for invalid user user1 from 14.181.8.32 port 62067 ssh2
Jan 31 07:28:58 psimulator sshd[5996]: Connection closed by invalid user user1 14.181.8.32 port 62067 [preauth]
Jan 31 07:29:03 psimulator sshd[5999]: Invalid user user1 from 14.181.8.32 port 62975
Jan 31 07:29:03 psimulator sshd[5999]: pam_unix(sshd:auth): check pass; user unknown
Jan 31 07:29:03 psimulator sshd[5999]: pam_unix(sshd:auth): authentication failure; logname= uid=0 euid=0 tty=ssh ruser= rhost=14.181.8.32
Jan 31 07:29:05 psimulator sshd[5999]: Failed password for invalid user user1 from 14.181.8.32 port 62975 ssh2
Jan 31 07:29:05 psimulator sshd[5999]: Connection closed by invalid user user1 14.181.8.32 port 62975 [preauth]
Jan 31 07:29:06 psimulator sshd[6002]: pam_unix(sshd:auth): authentication failure; logname= uid=0 euid=0 tty=ssh ruser= rhost=51.15.136.191  user=root
Jan 31 07:29:09 psimulator sshd[6002]: Failed password for root from 51.15.136.191 port 40142 ssh2
Jan 31 07:29:09 psimulator sshd[6002]: Received disconnect from 51.15.136.191 port 40142:11: Bye Bye [preauth]
Jan 31 07:29:09 psimulator sshd[6002]: Disconnected from authenticating user root 51.15.136.191 port 40142 [preauth]
Jan 31 07:29:10 psimulator sshd[6006]: Invalid user user1 from 14.181.8.32 port 63677
Jan 31 07:29:10 psimulator sshd[6006]: pam_unix(sshd:auth): check pass; user unknown
Jan 31 07:29:10 psimulator sshd[6006]: pam_unix(sshd:auth): authentication failure; logname= uid=0 euid=0 tty=ssh ruser= rhost=14.181.8.32
Jan 31 07:29:10 psimulator sshd[6004]: pam_unix(sshd:auth): authentication failure; logname= uid=0 euid=0 tty=ssh ruser= rhost=165.227.75.135  user=root
Jan 31 07:29:12 psimulator sshd[6006]: Failed password for invalid user user1 from 14.181.8.32 port 63677 ssh2
Jan 31 07:29:12 psimulator sshd[6004]: Failed password for root from 165.227.75.135 port 36744 ssh2
Jan 31 07:29:12 psimulator sshd[6004]: Received disconnect from 165.227.75.135 port 36744:11: Bye Bye [preauth]
Jan 31 07:29:12 psimulator sshd[6004]: Disconnected from authenticating user root 165.227.75.135 port 36744 [preauth]
Jan 31 07:29:12 psimulator sshd[6006]: Connection closed by invalid user user1 14.181.8.32 port 63677 [preauth]
Jan 31 07:29:16 psimulator sshd[6009]: Invalid user user1 from 14.181.8.32 port 64373
Jan 31 07:29:17 psimulator sshd[6009]: pam_unix(sshd:auth): check pass; user unknown
Jan 31 07:29:17 psimulator sshd[6009]: pam_unix(sshd:auth): authentication failure; logname= uid=0 euid=0 tty=ssh ruser= rhost=14.181.8.32
Jan 31 07:29:17 psimulator sshd[6011]: pam_unix(sshd:auth): authentication failure; logname= uid=0 euid=0 tty=ssh ruser= rhost=47.50.246.114  user=root
Jan 31 07:29:19 psimulator sshd[6009]: Failed password for invalid user user1 from 14.181.8.32 port 64373 ssh2
Jan 31 07:29:19 psimulator sshd[6009]: Connection closed by invalid user user1 14.181.8.32 port 64373 [preauth]
Jan 31 07:29:19 psimulator sshd[6011]: Failed password for root from 47.50.246.114 port 56124 ssh2
Jan 31 07:29:19 psimulator sshd[6011]: Received disconnect from 47.50.246.114 port 56124:11: Bye Bye [preauth]
Jan 31 07:29:19 psimulator sshd[6011]: Disconnected from authenticating user root 47.50.246.114 port 56124 [preauth]
Jan 31 07:29:24 psimulator sshd[6015]: Invalid user user1 from 14.181.8.32 port 49215
Jan 31 07:29:24 psimulator sshd[6015]: pam_unix(sshd:auth): check pass; user unknown
Jan 31 07:29:24 psimulator sshd[6015]: pam_unix(sshd:auth): authentication failure; logname= uid=0 euid=0 tty=ssh ruser= rhost=14.181.8.32
Jan 31 07:29:24 psimulator sshd[6019]: pam_unix(sshd:auth): authentication failure; logname= uid=0 euid=0 tty=ssh ruser= rhost=51.254.32.102  user=root
Jan 31 07:29:25 psimulator sshd[6017]: Invalid user 1QAZ2wsx3EDC from 119.45.184.52 port 45338
Jan 31 07:29:25 psimulator sshd[6017]: pam_unix(sshd:auth): check pass; user unknown
Jan 31 07:29:25 psimulator sshd[6017]: pam_unix(sshd:auth): authentication failure; logname= uid=0 euid=0 tty=ssh ruser= rhost=119.45.184.52
Jan 31 07:29:26 psimulator sshd[6015]: Failed password for invalid user user1 from 14.181.8.32 port 49215 ssh2
Jan 31 07:29:26 psimulator sshd[6015]: Connection closed by invalid user user1 14.181.8.32 port 49215 [preauth]
Jan 31 07:29:27 psimulator sshd[6019]: Failed password for root from 51.254.32.102 port 57806 ssh2
Jan 31 07:29:27 psimulator sshd[6019]: Received disconnect from 51.254.32.102 port 57806:11: Bye Bye [preauth]
Jan 31 07:29:27 psimulator sshd[6019]: Disconnected from authenticating user root 51.254.32.102 port 57806 [preauth]
Jan 31 07:29:27 psimulator sshd[6017]: Failed password for invalid user 1QAZ2wsx3EDC from 119.45.184.52 port 45338 ssh2
Jan 31 07:29:28 psimulator sshd[6017]: Received disconnect from 119.45.184.52 port 45338:11: Bye Bye [preauth]
Jan 31 07:29:28 psimulator sshd[6017]: Disconnected from invalid user 1QAZ2wsx3EDC 119.45.184.52 port 45338 [preauth]
Jan 31 07:29:31 psimulator sshd[6022]: Invalid user user1 from 14.181.8.32 port 49938
Jan 31 07:29:31 psimulator sshd[6022]: pam_unix(sshd:auth): check pass; user unknown
Jan 31 07:29:31 psimulator sshd[6022]: pam_unix(sshd:auth): authentication failure; logname= uid=0 euid=0 tty=ssh ruser= rhost=14.181.8.32
Jan 31 07:29:33 psimulator sshd[6022]: Failed password for invalid user user1 from 14.181.8.32 port 49938 ssh2
Jan 31 07:29:33 psimulator sshd[6022]: Connection closed by invalid user user1 14.181.8.32 port 49938 [preauth]
Jan 31 07:29:38 psimulator sshd[6025]: Invalid user user1 from 14.181.8.32 port 50783
Jan 31 07:29:38 psimulator sshd[6025]: pam_unix(sshd:auth): check pass; user unknown
Jan 31 07:29:38 psimulator sshd[6025]: pam_unix(sshd:auth): authentication failure; logname= uid=0 euid=0 tty=ssh ruser= rhost=14.181.8.32
Jan 31 07:29:40 psimulator sshd[6029]: pam_unix(sshd:auth): authentication failure; logname= uid=0 euid=0 tty=ssh ruser= rhost=47.50.246.114  user=root
Jan 31 07:29:40 psimulator sshd[6025]: Failed password for invalid user user1 from 14.181.8.32 port 50783 ssh2
Jan 31 07:29:40 psimulator sshd[6025]: Connection closed by invalid user user1 14.181.8.32 port 50783 [preauth]
Jan 31 07:29:41 psimulator sshd[6027]: pam_unix(sshd:auth): authentication failure; logname= uid=0 euid=0 tty=ssh ruser= rhost=51.79.55.141  user=root
Jan 31 07:29:42 psimulator sshd[6029]: Failed password for root from 47.50.246.114 port 58216 ssh2
Jan 31 07:29:42 psimulator sshd[6029]: Received disconnect from 47.50.246.114 port 58216:11: Bye Bye [preauth]
Jan 31 07:29:42 psimulator sshd[6029]: Disconnected from authenticating user root 47.50.246.114 port 58216 [preauth]
Jan 31 07:29:43 psimulator sshd[6027]: Failed password for root from 51.79.55.141 port 38800 ssh2
Jan 31 07:29:43 psimulator sshd[6027]: Received disconnect from 51.79.55.141 port 38800:11: Bye Bye [preauth]
Jan 31 07:29:43 psimulator sshd[6027]: Disconnected from authenticating user root 51.79.55.141 port 38800 [preauth]
Jan 31 07:29:45 psimulator sshd[6032]: Invalid user user1 from 14.181.8.32 port 51839
Jan 31 07:29:45 psimulator sshd[6032]: pam_unix(sshd:auth): check pass; user unknown
Jan 31 07:29:45 psimulator sshd[6032]: pam_unix(sshd:auth): authentication failure; logname= uid=0 euid=0 tty=ssh ruser= rhost=14.181.8.32
Jan 31 07:29:47 psimulator sshd[6032]: Failed password for invalid user user1 from 14.181.8.32 port 51839 ssh2
Jan 31 07:29:47 psimulator sshd[6032]: Connection closed by invalid user user1 14.181.8.32 port 51839 [preauth]
Jan 31 07:29:47 psimulator sshd[6035]: pam_unix(sshd:auth): authentication failure; logname= uid=0 euid=0 tty=ssh ruser= rhost=51.77.149.232  user=root
Jan 31 07:29:49 psimulator sshd[6037]: pam_unix(sshd:auth): authentication failure; logname= uid=0 euid=0 tty=ssh ruser= rhost=162.243.18.87  user=root
Jan 31 07:29:49 psimulator sshd[6035]: Failed password for root from 51.77.149.232 port 40064 ssh2
Jan 31 07:29:49 psimulator sshd[6035]: Received disconnect from 51.77.149.232 port 40064:11: Bye Bye [preauth]
Jan 31 07:29:49 psimulator sshd[6035]: Disconnected from authenticating user root 51.77.149.232 port 40064 [preauth]
Jan 31 07:29:51 psimulator sshd[6037]: Failed password for root from 162.243.18.87 port 55896 ssh2
Jan 31 07:29:51 psimulator sshd[6037]: Received disconnect from 162.243.18.87 port 55896:11: Bye Bye [preauth]
Jan 31 07:29:51 psimulator sshd[6037]: Disconnected from authenticating user root 162.243.18.87 port 55896 [preauth]
Jan 31 07:29:51 psimulator sshd[6039]: Invalid user user1 from 14.181.8.32 port 52519
Jan 31 07:29:51 psimulator sshd[6039]: pam_unix(sshd:auth): check pass; user unknown
Jan 31 07:29:51 psimulator sshd[6039]: pam_unix(sshd:auth): authentication failure; logname= uid=0 euid=0 tty=ssh ruser= rhost=14.181.8.32
Jan 31 07:29:54 psimulator sshd[6039]: Failed password for invalid user user1 from 14.181.8.32 port 52519 ssh2
Jan 31 07:29:54 psimulator sshd[6039]: Connection closed by invalid user user1 14.181.8.32 port 52519 [preauth]
Jan 31 07:29:55 psimulator sshd[6042]: pam_unix(sshd:auth): authentication failure; logname= uid=0 euid=0 tty=ssh ruser= rhost=50.75.7.82  user=root
Jan 31 07:29:56 psimulator sshd[6042]: Failed password for root from 50.75.7.82 port 53396 ssh2
Jan 31 07:29:56 psimulator sshd[6042]: Received disconnect from 50.75.7.82 port 53396:11: Bye Bye [preauth]
Jan 31 07:29:56 psimulator sshd[6042]: Disconnected from authenticating user root 50.75.7.82 port 53396 [preauth]
Jan 31 07:29:58 psimulator sshd[6044]: Invalid user user1 from 14.181.8.32 port 53243
Jan 31 07:29:59 psimulator sshd[6044]: pam_unix(sshd:auth): check pass; user unknown
Jan 31 07:29:59 psimulator sshd[6044]: pam_unix(sshd:auth): authentication failure; logname= uid=0 euid=0 tty=ssh ruser= rhost=14.181.8.32
Jan 31 07:29:59 psimulator sshd[6046]: pam_unix(sshd:auth): authentication failure; logname= uid=0 euid=0 tty=ssh ruser= rhost=47.50.246.114  user=root
Jan 31 07:30:01 psimulator sshd[6044]: Failed password for invalid user user1 from 14.181.8.32 port 53243 ssh2
Jan 31 07:30:01 psimulator sshd[6044]: Connection closed by invalid user user1 14.181.8.32 port 53243 [preauth]
Jan 31 07:30:02 psimulator sshd[6046]: Failed password for root from 47.50.246.114 port 60306 ssh2
Jan 31 07:30:02 psimulator sshd[6046]: Received disconnect from 47.50.246.114 port 60306:11: Bye Bye [preauth]
Jan 31 07:30:02 psimulator sshd[6046]: Disconnected from authenticating user root 47.50.246.114 port 60306 [preauth]
Jan 31 07:30:06 psimulator sshd[6050]: Invalid user user1 from 14.181.8.32 port 54450
Jan 31 07:30:06 psimulator sshd[6050]: pam_unix(sshd:auth): check pass; user unknown
Jan 31 07:30:06 psimulator sshd[6050]: pam_unix(sshd:auth): authentication failure; logname= uid=0 euid=0 tty=ssh ruser= rhost=14.181.8.32
Jan 31 07:30:08 psimulator sshd[6050]: Failed password for invalid user user1 from 14.181.8.32 port 54450 ssh2
Jan 31 07:30:08 psimulator sshd[6050]: Connection closed by invalid user user1 14.181.8.32 port 54450 [preauth]
Jan 31 07:30:08 psimulator sshd[6052]: pam_unix(sshd:auth): authentication failure; logname= uid=0 euid=0 tty=ssh ruser= rhost=104.236.35.211  user=root
Jan 31 07:30:09 psimulator sshd[6052]: Failed password for root from 104.236.35.211 port 45126 ssh2
Jan 31 07:30:09 psimulator sshd[6052]: Received disconnect from 104.236.35.211 port 45126:11: Bye Bye [preauth]
Jan 31 07:30:09 psimulator sshd[6052]: Disconnected from authenticating user root 104.236.35.211 port 45126 [preauth]
Jan 31 07:30:13 psimulator sshd[6055]: Invalid user user1 from 14.181.8.32 port 55163
Jan 31 07:30:13 psimulator sshd[6055]: pam_unix(sshd:auth): check pass; user unknown
Jan 31 07:30:13 psimulator sshd[6055]: pam_unix(sshd:auth): authentication failure; logname= uid=0 euid=0 tty=ssh ruser= rhost=14.181.8.32
Jan 31 07:30:15 psimulator sshd[6055]: Failed password for invalid user user1 from 14.181.8.32 port 55163 ssh2
Jan 31 07:30:15 psimulator sshd[6055]: Connection closed by invalid user user1 14.181.8.32 port 55163 [preauth]
Jan 31 07:30:19 psimulator sshd[6058]: pam_unix(sshd:auth): authentication failure; logname= uid=0 euid=0 tty=ssh ruser= rhost=121.121.149.168  user=root
Jan 31 07:30:20 psimulator sshd[6060]: Invalid user user1 from 14.181.8.32 port 56026
Jan 31 07:30:20 psimulator sshd[6060]: pam_unix(sshd:auth): check pass; user unknown
Jan 31 07:30:20 psimulator sshd[6060]: pam_unix(sshd:auth): authentication failure; logname= uid=0 euid=0 tty=ssh ruser= rhost=14.181.8.32
Jan 31 07:30:21 psimulator sshd[6060]: Failed password for invalid user user1 from 14.181.8.32 port 56026 ssh2
Jan 31 07:30:22 psimulator sshd[6058]: Failed password for root from 121.121.149.168 port 53436 ssh2
Jan 31 07:30:22 psimulator sshd[6060]: Connection closed by invalid user user1 14.181.8.32 port 56026 [preauth]
Jan 31 07:30:22 psimulator sshd[6058]: Received disconnect from 121.121.149.168 port 53436:11: Bye Bye [preauth]
Jan 31 07:30:22 psimulator sshd[6058]: Disconnected from authenticating user root 121.121.149.168 port 53436 [preauth]
Jan 31 07:30:23 psimulator sshd[6062]: pam_unix(sshd:auth): authentication failure; logname= uid=0 euid=0 tty=ssh ruser= rhost=47.50.246.114  user=root
Jan 31 07:30:25 psimulator sshd[6062]: Failed password for root from 47.50.246.114 port 34168 ssh2
Jan 31 07:30:25 psimulator sshd[6062]: Received disconnect from 47.50.246.114 port 34168:11: Bye Bye [preauth]
Jan 31 07:30:25 psimulator sshd[6062]: Disconnected from authenticating user root 47.50.246.114 port 34168 [preauth]
Jan 31 07:30:26 psimulator sshd[6065]: Invalid user user1 from 14.181.8.32 port 56698
Jan 31 07:30:26 psimulator sshd[6065]: pam_unix(sshd:auth): check pass; user unknown
Jan 31 07:30:26 psimulator sshd[6065]: pam_unix(sshd:auth): authentication failure; logname= uid=0 euid=0 tty=ssh ruser= rhost=14.181.8.32
Jan 31 07:30:28 psimulator sshd[6065]: Failed password for invalid user user1 from 14.181.8.32 port 56698 ssh2
Jan 31 07:30:28 psimulator sshd[6065]: Connection closed by invalid user user1 14.181.8.32 port 56698 [preauth]
Jan 31 07:30:29 psimulator sshd[6067]: pam_unix(sshd:auth): authentication failure; logname= uid=0 euid=0 tty=ssh ruser= rhost=190.131.196.18  user=root
Jan 31 07:30:31 psimulator sshd[6069]: pam_unix(sshd:auth): authentication failure; logname= uid=0 euid=0 tty=ssh ruser= rhost=51.79.55.141  user=root
Jan 31 07:30:31 psimulator sshd[6067]: Failed password for root from 190.131.196.18 port 54828 ssh2
Jan 31 07:30:31 psimulator sshd[6067]: Received disconnect from 190.131.196.18 port 54828:11: Bye Bye [preauth]
Jan 31 07:30:31 psimulator sshd[6067]: Disconnected from authenticating user root 190.131.196.18 port 54828 [preauth]
Jan 31 07:30:33 psimulator sshd[6072]: Invalid user user1 from 14.181.8.32 port 57762
Jan 31 07:30:33 psimulator sshd[6072]: pam_unix(sshd:auth): check pass; user unknown
Jan 31 07:30:33 psimulator sshd[6072]: pam_unix(sshd:auth): authentication failure; logname= uid=0 euid=0 tty=ssh ruser= rhost=14.181.8.32
Jan 31 07:30:33 psimulator sshd[6069]: Failed password for root from 51.79.55.141 port 49792 ssh2
Jan 31 07:30:33 psimulator sshd[6069]: Received disconnect from 51.79.55.141 port 49792:11: Bye Bye [preauth]
Jan 31 07:30:33 psimulator sshd[6069]: Disconnected from authenticating user root 51.79.55.141 port 49792 [preauth]
Jan 31 07:30:35 psimulator sshd[6072]: Failed password for invalid user user1 from 14.181.8.32 port 57762 ssh2
Jan 31 07:30:35 psimulator sshd[6072]: Connection closed by invalid user user1 14.181.8.32 port 57762 [preauth]
Jan 31 07:30:40 psimulator sshd[6075]: Invalid user user1 from 14.181.8.32 port 58475
Jan 31 07:30:40 psimulator sshd[6075]: pam_unix(sshd:auth): check pass; user unknown
Jan 31 07:30:40 psimulator sshd[6075]: pam_unix(sshd:auth): authentication failure; logname= uid=0 euid=0 tty=ssh ruser= rhost=14.181.8.32
Jan 31 07:30:41 psimulator sshd[6077]: pam_unix(sshd:auth): authentication failure; logname= uid=0 euid=0 tty=ssh ruser= rhost=51.254.32.102  user=root
Jan 31 07:30:42 psimulator sshd[6080]: pam_unix(sshd:auth): authentication failure; logname= uid=0 euid=0 tty=ssh ruser= rhost=47.50.246.114  user=root
Jan 31 07:30:42 psimulator sshd[6075]: Failed password for invalid user user1 from 14.181.8.32 port 58475 ssh2
Jan 31 07:30:42 psimulator sshd[6075]: Connection closed by invalid user user1 14.181.8.32 port 58475 [preauth]
Jan 31 07:30:43 psimulator sshd[6077]: Failed password for root from 51.254.32.102 port 49322 ssh2
Jan 31 07:30:43 psimulator sshd[6077]: Received disconnect from 51.254.32.102 port 49322:11: Bye Bye [preauth]
Jan 31 07:30:43 psimulator sshd[6077]: Disconnected from authenticating user root 51.254.32.102 port 49322 [preauth]
Jan 31 07:30:44 psimulator sshd[6080]: Failed password for root from 47.50.246.114 port 36262 ssh2
Jan 31 07:30:44 psimulator sshd[6080]: Received disconnect from 47.50.246.114 port 36262:11: Bye Bye [preauth]
Jan 31 07:30:44 psimulator sshd[6080]: Disconnected from authenticating user root 47.50.246.114 port 36262 [preauth]
Jan 31 07:30:46 psimulator sshd[6082]: Invalid user user1 from 14.181.8.32 port 59177
Jan 31 07:30:47 psimulator sshd[6082]: pam_unix(sshd:auth): check pass; user unknown
Jan 31 07:30:47 psimulator sshd[6082]: pam_unix(sshd:auth): authentication failure; logname= uid=0 euid=0 tty=ssh ruser= rhost=14.181.8.32
Jan 31 07:30:49 psimulator sshd[6082]: Failed password for invalid user user1 from 14.181.8.32 port 59177 ssh2
Jan 31 07:30:49 psimulator sshd[6085]: pam_unix(sshd:auth): authentication failure; logname= uid=0 euid=0 tty=ssh ruser= rhost=140.86.39.162  user=root
Jan 31 07:30:49 psimulator sshd[6082]: Connection closed by invalid user user1 14.181.8.32 port 59177 [preauth]
Jan 31 07:30:51 psimulator sshd[6085]: Failed password for root from 140.86.39.162 port 65310 ssh2
Jan 31 07:30:51 psimulator sshd[6085]: Received disconnect from 140.86.39.162 port 65310:11: Bye Bye [preauth]
Jan 31 07:30:51 psimulator sshd[6085]: Disconnected from authenticating user root 140.86.39.162 port 65310 [preauth]
Jan 31 07:30:54 psimulator sshd[6090]: Invalid user user1 from 14.181.8.32 port 60385
Jan 31 07:30:54 psimulator sshd[6090]: pam_unix(sshd:auth): check pass; user unknown
Jan 31 07:30:54 psimulator sshd[6090]: pam_unix(sshd:auth): authentication failure; logname= uid=0 euid=0 tty=ssh ruser= rhost=14.181.8.32
Jan 31 07:30:55 psimulator sshd[6088]: pam_unix(sshd:auth): authentication failure; logname= uid=0 euid=0 tty=ssh ruser= rhost=51.15.179.65  user=root
Jan 31 07:30:56 psimulator sshd[6090]: Failed password for invalid user user1 from 14.181.8.32 port 60385 ssh2
Jan 31 07:30:56 psimulator sshd[6090]: Connection closed by invalid user user1 14.181.8.32 port 60385 [preauth]
Jan 31 07:30:58 psimulator sshd[6088]: Failed password for root from 51.15.179.65 port 47230 ssh2
Jan 31 07:30:58 psimulator sshd[6088]: Received disconnect from 51.15.179.65 port 47230:11: Bye Bye [preauth]
Jan 31 07:30:58 psimulator sshd[6088]: Disconnected from authenticating user root 51.15.179.65 port 47230 [preauth]
Jan 31 07:31:01 psimulator sshd[6093]: Invalid user user1 from 14.181.8.32 port 61103
Jan 31 07:31:01 psimulator sshd[6093]: pam_unix(sshd:auth): check pass; user unknown
Jan 31 07:31:01 psimulator sshd[6093]: pam_unix(sshd:auth): authentication failure; logname= uid=0 euid=0 tty=ssh ruser= rhost=14.181.8.32
Jan 31 07:31:03 psimulator sshd[6095]: Invalid user PA55word! from 119.45.184.52 port 58424
Jan 31 07:31:03 psimulator sshd[6095]: pam_unix(sshd:auth): check pass; user unknown
Jan 31 07:31:03 psimulator sshd[6095]: pam_unix(sshd:auth): authentication failure; logname= uid=0 euid=0 tty=ssh ruser= rhost=119.45.184.52
Jan 31 07:31:03 psimulator sshd[6093]: Failed password for invalid user user1 from 14.181.8.32 port 61103 ssh2
Jan 31 07:31:03 psimulator sshd[6093]: Connection closed by invalid user user1 14.181.8.32 port 61103 [preauth]
Jan 31 07:31:04 psimulator sshd[6097]: pam_unix(sshd:auth): authentication failure; logname= uid=0 euid=0 tty=ssh ruser= rhost=47.50.246.114  user=root
Jan 31 07:31:04 psimulator sshd[6095]: Failed password for invalid user PA55word! from 119.45.184.52 port 58424 ssh2
Jan 31 07:31:05 psimulator sshd[6095]: Received disconnect from 119.45.184.52 port 58424:11: Bye Bye [preauth]
Jan 31 07:31:05 psimulator sshd[6095]: Disconnected from invalid user PA55word! 119.45.184.52 port 58424 [preauth]
Jan 31 07:31:05 psimulator sshd[6097]: Failed password for root from 47.50.246.114 port 38356 ssh2
Jan 31 07:31:06 psimulator sshd[6097]: Received disconnect from 47.50.246.114 port 38356:11: Bye Bye [preauth]
Jan 31 07:31:06 psimulator sshd[6097]: Disconnected from authenticating user root 47.50.246.114 port 38356 [preauth]
Jan 31 07:31:08 psimulator sshd[6100]: Invalid user user1 from 14.181.8.32 port 61823
Jan 31 07:31:08 psimulator sshd[6100]: pam_unix(sshd:auth): check pass; user unknown
Jan 31 07:31:08 psimulator sshd[6100]: pam_unix(sshd:auth): authentication failure; logname= uid=0 euid=0 tty=ssh ruser= rhost=14.181.8.32
Jan 31 07:31:09 psimulator sshd[6100]: Failed password for invalid user user1 from 14.181.8.32 port 61823 ssh2
Jan 31 07:31:09 psimulator sshd[6100]: Connection closed by invalid user user1 14.181.8.32 port 61823 [preauth]
Jan 31 07:31:14 psimulator sshd[6103]: Invalid user admin1 from 14.181.8.32 port 62903
Jan 31 07:31:14 psimulator sshd[6103]: Failed none for invalid user admin1 from 14.181.8.32 port 62903 ssh2
Jan 31 07:31:15 psimulator sshd[6103]: Connection closed by invalid user admin1 14.181.8.32 port 62903 [preauth]
Jan 31 07:31:18 psimulator sshd[6107]: pam_unix(sshd:auth): authentication failure; logname= uid=0 euid=0 tty=ssh ruser= rhost=51.77.149.232  user=root
Jan 31 07:31:19 psimulator sshd[6106]: pam_unix(sshd:auth): authentication failure; logname= uid=0 euid=0 tty=ssh ruser= rhost=47.50.246.114  user=root
Jan 31 07:31:19 psimulator sshd[6110]: Invalid user admin1 from 14.181.8.32 port 63423
Jan 31 07:31:19 psimulator sshd[6110]: pam_unix(sshd:auth): check pass; user unknown
Jan 31 07:31:19 psimulator sshd[6110]: pam_unix(sshd:auth): authentication failure; logname= uid=0 euid=0 tty=ssh ruser= rhost=14.181.8.32
Jan 31 07:31:20 psimulator sshd[6107]: Failed password for root from 51.77.149.232 port 37766 ssh2
Jan 31 07:31:20 psimulator sshd[6107]: Received disconnect from 51.77.149.232 port 37766:11: Bye Bye [preauth]
Jan 31 07:31:20 psimulator sshd[6107]: Disconnected from authenticating user root 51.77.149.232 port 37766 [preauth]
Jan 31 07:31:21 psimulator sshd[6112]: pam_unix(sshd:auth): authentication failure; logname= uid=0 euid=0 tty=ssh ruser= rhost=51.79.55.141  user=root
Jan 31 07:31:21 psimulator sshd[6106]: Failed password for root from 47.50.246.114 port 40450 ssh2
Jan 31 07:31:21 psimulator sshd[6106]: Received disconnect from 47.50.246.114 port 40450:11: Bye Bye [preauth]
Jan 31 07:31:21 psimulator sshd[6106]: Disconnected from authenticating user root 47.50.246.114 port 40450 [preauth]
Jan 31 07:31:21 psimulator sshd[6110]: Failed password for invalid user admin1 from 14.181.8.32 port 63423 ssh2
Jan 31 07:31:21 psimulator sshd[6110]: Connection closed by invalid user admin1 14.181.8.32 port 63423 [preauth]
Jan 31 07:31:22 psimulator sshd[6112]: Failed password for root from 51.79.55.141 port 33246 ssh2
Jan 31 07:31:22 psimulator sshd[6112]: Received disconnect from 51.79.55.141 port 33246:11: Bye Bye [preauth]
Jan 31 07:31:22 psimulator sshd[6112]: Disconnected from authenticating user root 51.79.55.141 port 33246 [preauth]
Jan 31 07:31:26 psimulator sshd[6115]: Invalid user admin1 from 14.181.8.32 port 64150
Jan 31 07:31:26 psimulator sshd[6115]: pam_unix(sshd:auth): check pass; user unknown
Jan 31 07:31:26 psimulator sshd[6115]: pam_unix(sshd:auth): authentication failure; logname= uid=0 euid=0 tty=ssh ruser= rhost=14.181.8.32
Jan 31 07:31:26 psimulator sshd[6119]: pam_unix(sshd:auth): authentication failure; logname= uid=0 euid=0 tty=ssh ruser= rhost=51.15.136.191  user=root
Jan 31 07:31:28 psimulator sshd[6115]: Failed password for invalid user admin1 from 14.181.8.32 port 64150 ssh2
Jan 31 07:31:28 psimulator sshd[6115]: Connection closed by invalid user admin1 14.181.8.32 port 64150 [preauth]
Jan 31 07:31:28 psimulator sshd[6119]: Failed password for root from 51.15.136.191 port 50936 ssh2
Jan 31 07:31:28 psimulator sshd[6119]: Received disconnect from 51.15.136.191 port 50936:11: Bye Bye [preauth]
Jan 31 07:31:28 psimulator sshd[6119]: Disconnected from authenticating user root 51.15.136.191 port 50936 [preauth]
Jan 31 07:31:30 psimulator sshd[6117]: pam_unix(sshd:auth): authentication failure; logname= uid=0 euid=0 tty=ssh ruser= rhost=165.227.75.135  user=root
Jan 31 07:31:32 psimulator sshd[6117]: Failed password for root from 165.227.75.135 port 58708 ssh2
Jan 31 07:31:32 psimulator sshd[6117]: Received disconnect from 165.227.75.135 port 58708:11: Bye Bye [preauth]
Jan 31 07:31:32 psimulator sshd[6117]: Disconnected from authenticating user root 165.227.75.135 port 58708 [preauth]
Jan 31 07:31:32 psimulator sshd[6122]: Invalid user admin1 from 14.181.8.32 port 65232
Jan 31 07:31:32 psimulator sshd[6122]: pam_unix(sshd:auth): check pass; user unknown
Jan 31 07:31:32 psimulator sshd[6122]: pam_unix(sshd:auth): authentication failure; logname= uid=0 euid=0 tty=ssh ruser= rhost=14.181.8.32
Jan 31 07:31:34 psimulator sshd[6122]: Failed password for invalid user admin1 from 14.181.8.32 port 65232 ssh2
Jan 31 07:31:35 psimulator sshd[6122]: Connection closed by invalid user admin1 14.181.8.32 port 65232 [preauth]
Jan 31 07:31:36 psimulator sshd[6125]: pam_unix(sshd:auth): authentication failure; logname= uid=0 euid=0 tty=ssh ruser= rhost=47.50.246.114  user=root
Jan 31 07:31:38 psimulator sshd[6125]: Failed password for root from 47.50.246.114 port 42546 ssh2
Jan 31 07:31:38 psimulator sshd[6125]: Received disconnect from 47.50.246.114 port 42546:11: Bye Bye [preauth]
Jan 31 07:31:38 psimulator sshd[6125]: Disconnected from authenticating user root 47.50.246.114 port 42546 [preauth]
Jan 31 07:31:39 psimulator sshd[6127]: Invalid user admin1 from 14.181.8.32 port 49665
Jan 31 07:31:39 psimulator sshd[6127]: pam_unix(sshd:auth): check pass; user unknown
Jan 31 07:31:39 psimulator sshd[6127]: pam_unix(sshd:auth): authentication failure; logname= uid=0 euid=0 tty=ssh ruser= rhost=14.181.8.32
Jan 31 07:31:41 psimulator sshd[6127]: Failed password for invalid user admin1 from 14.181.8.32 port 49665 ssh2
Jan 31 07:31:41 psimulator sshd[6127]: Connection closed by invalid user admin1 14.181.8.32 port 49665 [preauth]
Jan 31 07:31:45 psimulator sshd[6130]: pam_unix(sshd:auth): authentication failure; logname= uid=0 euid=0 tty=ssh ruser= rhost=144.34.240.47  user=root
Jan 31 07:31:46 psimulator sshd[6134]: Invalid user admin1 from 14.181.8.32 port 50370
Jan 31 07:31:46 psimulator sshd[6134]: pam_unix(sshd:auth): check pass; user unknown
